Archive member included to satisfy reference by file (symbol)

c:/st/stm32cubeide_1.9.0/stm32cubeide/plugins/com.st.stm32cube.ide.mcu.externaltools.gnu-tools-for-stm32.10.3-2021.10.win32_1.0.0.202111181127/tools/bin/../lib/gcc/arm-none-eabi/10.3.1/../../../../arm-none-eabi/lib/thumb/v7e-m+fp/hard\libc_nano.a(lib_a-errno.o)
                              ./Core/Src/syscalls.o (__errno)
c:/st/stm32cubeide_1.9.0/stm32cubeide/plugins/com.st.stm32cube.ide.mcu.externaltools.gnu-tools-for-stm32.10.3-2021.10.win32_1.0.0.202111181127/tools/bin/../lib/gcc/arm-none-eabi/10.3.1/../../../../arm-none-eabi/lib/thumb/v7e-m+fp/hard\libc_nano.a(lib_a-exit.o)
                              c:/st/stm32cubeide_1.9.0/stm32cubeide/plugins/com.st.stm32cube.ide.mcu.externaltools.gnu-tools-for-stm32.10.3-2021.10.win32_1.0.0.202111181127/tools/bin/../lib/gcc/arm-none-eabi/10.3.1/../../../../arm-none-eabi/lib/thumb/v7e-m+fp/hard/crt0.o (exit)
c:/st/stm32cubeide_1.9.0/stm32cubeide/plugins/com.st.stm32cube.ide.mcu.externaltools.gnu-tools-for-stm32.10.3-2021.10.win32_1.0.0.202111181127/tools/bin/../lib/gcc/arm-none-eabi/10.3.1/../../../../arm-none-eabi/lib/thumb/v7e-m+fp/hard\libc_nano.a(lib_a-impure.o)
                              c:/st/stm32cubeide_1.9.0/stm32cubeide/plugins/com.st.stm32cube.ide.mcu.externaltools.gnu-tools-for-stm32.10.3-2021.10.win32_1.0.0.202111181127/tools/bin/../lib/gcc/arm-none-eabi/10.3.1/../../../../arm-none-eabi/lib/thumb/v7e-m+fp/hard\libc_nano.a(lib_a-exit.o) (_global_impure_ptr)
c:/st/stm32cubeide_1.9.0/stm32cubeide/plugins/com.st.stm32cube.ide.mcu.externaltools.gnu-tools-for-stm32.10.3-2021.10.win32_1.0.0.202111181127/tools/bin/../lib/gcc/arm-none-eabi/10.3.1/../../../../arm-none-eabi/lib/thumb/v7e-m+fp/hard\libc_nano.a(lib_a-init.o)
                              c:/st/stm32cubeide_1.9.0/stm32cubeide/plugins/com.st.stm32cube.ide.mcu.externaltools.gnu-tools-for-stm32.10.3-2021.10.win32_1.0.0.202111181127/tools/bin/../lib/gcc/arm-none-eabi/10.3.1/../../../../arm-none-eabi/lib/thumb/v7e-m+fp/hard/crt0.o (__libc_init_array)
c:/st/stm32cubeide_1.9.0/stm32cubeide/plugins/com.st.stm32cube.ide.mcu.externaltools.gnu-tools-for-stm32.10.3-2021.10.win32_1.0.0.202111181127/tools/bin/../lib/gcc/arm-none-eabi/10.3.1/../../../../arm-none-eabi/lib/thumb/v7e-m+fp/hard\libc_nano.a(lib_a-memcpy-stub.o)
                              ./Third_Party/FreeRTOS/queue.o (memcpy)
c:/st/stm32cubeide_1.9.0/stm32cubeide/plugins/com.st.stm32cube.ide.mcu.externaltools.gnu-tools-for-stm32.10.3-2021.10.win32_1.0.0.202111181127/tools/bin/../lib/gcc/arm-none-eabi/10.3.1/../../../../arm-none-eabi/lib/thumb/v7e-m+fp/hard\libc_nano.a(lib_a-memset.o)
                              c:/st/stm32cubeide_1.9.0/stm32cubeide/plugins/com.st.stm32cube.ide.mcu.externaltools.gnu-tools-for-stm32.10.3-2021.10.win32_1.0.0.202111181127/tools/bin/../lib/gcc/arm-none-eabi/10.3.1/../../../../arm-none-eabi/lib/thumb/v7e-m+fp/hard/crt0.o (memset)
c:/st/stm32cubeide_1.9.0/stm32cubeide/plugins/com.st.stm32cube.ide.mcu.externaltools.gnu-tools-for-stm32.10.3-2021.10.win32_1.0.0.202111181127/tools/bin/../lib/gcc/arm-none-eabi/10.3.1/thumb/v7e-m+fp/hard\libgcc.a(_aeabi_uldivmod.o)
                              ./Drivers/STM32F4xx_HAL_Driver/Src/stm32f4xx_hal_rcc.o (__aeabi_uldivmod)
c:/st/stm32cubeide_1.9.0/stm32cubeide/plugins/com.st.stm32cube.ide.mcu.externaltools.gnu-tools-for-stm32.10.3-2021.10.win32_1.0.0.202111181127/tools/bin/../lib/gcc/arm-none-eabi/10.3.1/thumb/v7e-m+fp/hard\libgcc.a(_udivmoddi4.o)
                              c:/st/stm32cubeide_1.9.0/stm32cubeide/plugins/com.st.stm32cube.ide.mcu.externaltools.gnu-tools-for-stm32.10.3-2021.10.win32_1.0.0.202111181127/tools/bin/../lib/gcc/arm-none-eabi/10.3.1/thumb/v7e-m+fp/hard\libgcc.a(_aeabi_uldivmod.o) (__udivmoddi4)
c:/st/stm32cubeide_1.9.0/stm32cubeide/plugins/com.st.stm32cube.ide.mcu.externaltools.gnu-tools-for-stm32.10.3-2021.10.win32_1.0.0.202111181127/tools/bin/../lib/gcc/arm-none-eabi/10.3.1/thumb/v7e-m+fp/hard\libgcc.a(_dvmd_tls.o)
                              c:/st/stm32cubeide_1.9.0/stm32cubeide/plugins/com.st.stm32cube.ide.mcu.externaltools.gnu-tools-for-stm32.10.3-2021.10.win32_1.0.0.202111181127/tools/bin/../lib/gcc/arm-none-eabi/10.3.1/thumb/v7e-m+fp/hard\libgcc.a(_aeabi_uldivmod.o) (__aeabi_ldiv0)

Discarded input sections

 .text          0x0000000000000000        0x0 c:/st/stm32cubeide_1.9.0/stm32cubeide/plugins/com.st.stm32cube.ide.mcu.externaltools.gnu-tools-for-stm32.10.3-2021.10.win32_1.0.0.202111181127/tools/bin/../lib/gcc/arm-none-eabi/10.3.1/thumb/v7e-m+fp/hard/crti.o
 .data          0x0000000000000000        0x0 c:/st/stm32cubeide_1.9.0/stm32cubeide/plugins/com.st.stm32cube.ide.mcu.externaltools.gnu-tools-for-stm32.10.3-2021.10.win32_1.0.0.202111181127/tools/bin/../lib/gcc/arm-none-eabi/10.3.1/thumb/v7e-m+fp/hard/crti.o
[...]
Memory Configuration

Name             Origin             Length             Attributes
CCMRAM           0x0000000010000000 0x0000000000010000 xrw
RAM              0x0000000020000000 0x0000000000020000 xrw
FLASH            0x0000000008000000 0x0000000000100000 xr
*default*        0x0000000000000000 0xffffffffffffffff

Linker script and memory map

LOAD c:/st/stm32cubeide_1.9.0/stm32cubeide/plugins/com.st.stm32cube.ide.mcu.externaltools.gnu-tools-for-stm32.10.3-2021.10.win32_1.0.0.202111181127/tools/bin/../lib/gcc/arm-none-eabi/10.3.1/thumb/v7e-m+fp/hard/crti.o
LOAD c:/st/stm32cubeide_1.9.0/stm32cubeide/plugins/com.st.stm32cube.ide.mcu.externaltools.gnu-tools-for-stm32.10.3-2021.10.win32_1.0.0.202111181127/tools/bin/../lib/gcc/arm-none-eabi/10.3.1/thumb/v7e-m+fp/hard/crtbegin.o
LOAD c:/st/stm32cubeide_1.9.0/stm32cubeide/plugins/com.st.stm32cube.ide.mcu.externaltools.gnu-tools-for-stm32.10.3-2021.10.win32_1.0.0.202111181127/tools/bin/../lib/gcc/arm-none-eabi/10.3.1/../../../../arm-none-eabi/lib/thumb/v7e-m+fp/hard/crt0.o
LOAD ./Core/Src/main.o
LOAD ./Core/Src/stm32f4xx_hal_msp.o
LOAD ./Core/Src/stm32f4xx_it.o
LOAD ./Core/Src/syscalls.o
LOAD ./Core/Src/sysmem.o
LOAD ./Core/Src/system_stm32f4xx.o
LOAD ./Core/Startup/startup_stm32f407vgtx.o
LOAD ./Drivers/STM32F4xx_HAL_Driver/Src/stm32f4xx_hal.o
LOAD ./Drivers/STM32F4xx_HAL_Driver/Src/stm32f4xx_hal_cortex.o
LOAD ./Drivers/STM32F4xx_HAL_Driver/Src/stm32f4xx_hal_dma.o
LOAD ./Drivers/STM32F4xx_HAL_Driver/Src/stm32f4xx_hal_dma_ex.o
LOAD ./Drivers/STM32F4xx_HAL_Driver/Src/stm32f4xx_hal_exti.o
LOAD ./Drivers/STM32F4xx_HAL_Driver/Src/stm32f4xx_hal_flash.o
LOAD ./Drivers/STM32F4xx_HAL_Driver/Src/stm32f4xx_hal_flash_ex.o
LOAD ./Drivers/STM32F4xx_HAL_Driver/Src/stm32f4xx_hal_flash_ramfunc.o
LOAD ./Drivers/STM32F4xx_HAL_Driver/Src/stm32f4xx_hal_gpio.o
LOAD ./Drivers/STM32F4xx_HAL_Driver/Src/stm32f4xx_hal_pwr.o
LOAD ./Drivers/STM32F4xx_HAL_Driver/Src/stm32f4xx_hal_pwr_ex.o
LOAD ./Drivers/STM32F4xx_HAL_Driver/Src/stm32f4xx_hal_rcc.o
LOAD ./Drivers/STM32F4xx_HAL_Driver/Src/stm32f4xx_hal_rcc_ex.o
LOAD ./Drivers/STM32F4xx_HAL_Driver/Src/stm32f4xx_hal_tim.o
LOAD ./Drivers/STM32F4xx_HAL_Driver/Src/stm32f4xx_hal_tim_ex.o
LOAD ./Drivers/STM32F4xx_HAL_Driver/Src/stm32f4xx_hal_uart.o
LOAD ./Third_Party/FreeRTOS/croutine.o
LOAD ./Third_Party/FreeRTOS/event_groups.o
LOAD ./Third_Party/FreeRTOS/list.o
LOAD ./Third_Party/FreeRTOS/queue.o
LOAD ./Third_Party/FreeRTOS/stream_buffer.o
LOAD ./Third_Party/FreeRTOS/tasks.o
LOAD ./Third_Party/FreeRTOS/timers.o
LOAD ./Third_Party/FreeRTOS/portable/GCC/ARM_CM4F/port.o
LOAD ./Third_Party/FreeRTOS/portable/MemMang/heap_4.o
START GROUP
LOAD c:/st/stm32cubeide_1.9.0/stm32cubeide/plugins/com.st.stm32cube.ide.mcu.externaltools.gnu-tools-for-stm32.10.3-2021.10.win32_1.0.0.202111181127/tools/bin/../lib/gcc/arm-none-eabi/10.3.1/../../../../arm-none-eabi/lib/thumb/v7e-m+fp/hard\libc_nano.a
LOAD c:/st/stm32cubeide_1.9.0/stm32cubeide/plugins/com.st.stm32cube.ide.mcu.externaltools.gnu-tools-for-stm32.10.3-2021.10.win32_1.0.0.202111181127/tools/bin/../lib/gcc/arm-none-eabi/10.3.1/../../../../arm-none-eabi/lib/thumb/v7e-m+fp/hard\libm.a
END GROUP
START GROUP
LOAD c:/st/stm32cubeide_1.9.0/stm32cubeide/plugins/com.st.stm32cube.ide.mcu.externaltools.gnu-tools-for-stm32.10.3-2021.10.win32_1.0.0.202111181127/tools/bin/../lib/gcc/arm-none-eabi/10.3.1/thumb/v7e-m+fp/hard\libgcc.a
LOAD c:/st/stm32cubeide_1.9.0/stm32cubeide/plugins/com.st.stm32cube.ide.mcu.externaltools.gnu-tools-for-stm32.10.3-2021.10.win32_1.0.0.202111181127/tools/bin/../lib/gcc/arm-none-eabi/10.3.1/../../../../arm-none-eabi/lib/thumb/v7e-m+fp/hard\libc_nano.a
END GROUP
START GROUP
LOAD c:/st/stm32cubeide_1.9.0/stm32cubeide/plugins/com.st.stm32cube.ide.mcu.externaltools.gnu-tools-for-stm32.10.3-2021.10.win32_1.0.0.202111181127/tools/bin/../lib/gcc/arm-none-eabi/10.3.1/thumb/v7e-m+fp/hard\libgcc.a
LOAD c:/st/stm32cubeide_1.9.0/stm32cubeide/plugins/com.st.stm32cube.ide.mcu.externaltools.gnu-tools-for-stm32.10.3-2021.10.win32_1.0.0.202111181127/tools/bin/../lib/gcc/arm-none-eabi/10.3.1/../../../../arm-none-eabi/lib/thumb/v7e-m+fp/hard\libc_nano.a
LOAD c:/st/stm32cubeide_1.9.0/stm32cubeide/plugins/com.st.stm32cube.ide.mcu.externaltools.gnu-tools-for-stm32.10.3-2021.10.win32_1.0.0.202111181127/tools/bin/../lib/gcc/arm-none-eabi/10.3.1/../../../../arm-none-eabi/lib/thumb/v7e-m+fp/hard\libnosys.a
END GROUP
START GROUP
LOAD c:/st/stm32cubeide_1.9.0/stm32cubeide/plugins/com.st.stm32cube.ide.mcu.externaltools.gnu-tools-for-stm32.10.3-2021.10.win32_1.0.0.202111181127/tools/bin/../lib/gcc/arm-none-eabi/10.3.1/thumb/v7e-m+fp/hard\libgcc.a
LOAD c:/st/stm32cubeide_1.9.0/stm32cubeide/plugins/com.st.stm32cube.ide.mcu.externaltools.gnu-tools-for-stm32.10.3-2021.10.win32_1.0.0.202111181127/tools/bin/../lib/gcc/arm-none-eabi/10.3.1/../../../../arm-none-eabi/lib/thumb/v7e-m+fp/hard\libc_nano.a
LOAD c:/st/stm32cubeide_1.9.0/stm32cubeide/plugins/com.st.stm32cube.ide.mcu.externaltools.gnu-tools-for-stm32.10.3-2021.10.win32_1.0.0.202111181127/tools/bin/../lib/gcc/arm-none-eabi/10.3.1/../../../../arm-none-eabi/lib/thumb/v7e-m+fp/hard\libnosys.a
END GROUP
LOAD c:/st/stm32cubeide_1.9.0/stm32cubeide/plugins/com.st.stm32cube.ide.mcu.externaltools.gnu-tools-for-stm32.10.3-2021.10.win32_1.0.0.202111181127/tools/bin/../lib/gcc/arm-none-eabi/10.3.1/thumb/v7e-m+fp/hard/crtend.o
LOAD c:/st/stm32cubeide_1.9.0/stm32cubeide/plugins/com.st.stm32cube.ide.mcu.externaltools.gnu-tools-for-stm32.10.3-2021.10.win32_1.0.0.202111181127/tools/bin/../lib/gcc/arm-none-eabi/10.3.1/thumb/v7e-m+fp/hard/crtn.o
                0x0000000020020000                _estack = (ORIGIN (RAM) + LENGTH (RAM))
                0x0000000000000200                _Min_Heap_Size = 0x200
                0x0000000000000400                _Min_Stack_Size = 0x400

.isr_vector     0x0000000008000000      0x188
                0x0000000008000000                . = ALIGN (0x4)
 *(.isr_vector)
 .isr_vector    0x0000000008000000      0x188 ./Core/Startup/startup_stm32f407vgtx.o
                0x0000000008000000                g_pfnVectors
                0x0000000008000188                . = ALIGN (0x4)

.text           0x0000000008000190     0x3e44
                0x0000000008000190                . = ALIGN (0x4)
 *(.text)
 .text          0x0000000008000190       0x40 c:/st/stm32cubeide_1.9.0/stm32cubeide/plugins/com.st.stm32cube.ide.mcu.externaltools.gnu-tools-for-stm32.10.3-2021.10.win32_1.0.0.202111181127/tools/bin/../lib/gcc/arm-none-eabi/10.3.1/thumb/v7e-m+fp/hard/crtbegin.o
 .text          0x00000000080001d0       0x30 c:/st/stm32cubeide_1.9.0/stm32cubeide/plugins/com.st.stm32cube.ide.mcu.externaltools.gnu-tools-for-stm32.10.3-2021.10.win32_1.0.0.202111181127/tools/bin/../lib/gcc/arm-none-eabi/10.3.1/thumb/v7e-m+fp/hard\libgcc.a(_aeabi_uldivmod.o)
                0x00000000080001d0                __aeabi_uldivmod
 .text          0x0000000008000200      0x2d0 c:/st/stm32cubeide_1.9.0/stm32cubeide/plugins/com.st.stm32cube.ide.mcu.externaltools.gnu-tools-for-stm32.10.3-2021.10.win32_1.0.0.202111181127/tools/bin/../lib/gcc/arm-none-eabi/10.3.1/thumb/v7e-m+fp/hard\libgcc.a(_udivmoddi4.o)
                0x0000000008000200                __udivmoddi4
 .text          0x00000000080004d0        0x4 c:/st/stm32cubeide_1.9.0/stm32cubeide/plugins/com.st.stm32cube.ide.mcu.externaltools.gnu-tools-for-stm32.10.3-2021.10.win32_1.0.0.202111181127/tools/bin/../lib/gcc/arm-none-eabi/10.3.1/thumb/v7e-m+fp/hard\libgcc.a(_dvmd_tls.o)
                0x00000000080004d0                __aeabi_idiv0
                0x00000000080004d0                __aeabi_ldiv0
 *(.text*)
 .text.main     0x00000000080004d4       0xb4 ./Core/Src/main.o
                0x00000000080004d4                main
 .text.SystemClock_Config
                0x0000000008000588       0xbc ./Core/Src/main.o
                0x0000000008000588                SystemClock_Config
 .text.MX_USART2_UART_Init
                0x0000000008000644       0x54 ./Core/Src/main.o
 .text.MX_GPIO_Init
                0x0000000008000698       0x50 ./Core/Src/main.o
 .text.task1_handler
                0x00000000080006e8       0x40 ./Core/Src/main.o
                0x00000000080006e8                task1_handler
 .text.task2_handler
                0x0000000008000728       0x38 ./Core/Src/main.o
                0x0000000008000728                task2_handler
 .text.Error_Handler
                0x0000000008000760        0xa ./Core/Src/main.o
                0x0000000008000760                Error_Handler
 *fill*         0x000000000800076a        0x2 
 .text.HAL_MspInit
                0x000000000800076c       0x50 ./Core/Src/stm32f4xx_hal_msp.o
                0x000000000800076c                HAL_MspInit
 .text.HAL_UART_MspInit
                0x00000000080007bc       0x90 ./Core/Src/stm32f4xx_hal_msp.o
                0x00000000080007bc                HAL_UART_MspInit
 .text.NMI_Handler
                0x000000000800084c        0x6 ./Core/Src/stm32f4xx_it.o
                0x000000000800084c                NMI_Handler
 .text.HardFault_Handler
                0x0000000008000852        0x6 ./Core/Src/stm32f4xx_it.o
                0x0000000008000852                HardFault_Handler
 .text.MemManage_Handler
                0x0000000008000858        0x6 ./Core/Src/stm32f4xx_it.o
                0x0000000008000858                MemManage_Handler
 .text.BusFault_Handler
                0x000000000800085e        0x6 ./Core/Src/stm32f4xx_it.o
                0x000000000800085e                BusFault_Handler
 .text.UsageFault_Handler
                0x0000000008000864        0x6 ./Core/Src/stm32f4xx_it.o
                0x0000000008000864                UsageFault_Handler
 .text.DebugMon_Handler
                0x000000000800086a        0xe ./Core/Src/stm32f4xx_it.o
                0x000000000800086a                DebugMon_Handler
 .text.SystemInit
                0x0000000008000878       0x24 ./Core/Src/system_stm32f4xx.o
                0x0000000008000878                SystemInit
 .text.Reset_Handler
                0x000000000800089c       0x50 ./Core/Startup/startup_stm32f407vgtx.o
                0x000000000800089c                Reset_Handler
 .text.Default_Handler
                0x00000000080008ec        0x2 ./Core/Startup/startup_stm32f407vgtx.o
                0x00000000080008ec                RTC_Alarm_IRQHandler
                0x00000000080008ec                HASH_RNG_IRQHandler
                0x00000000080008ec                EXTI2_IRQHandler
                0x00000000080008ec                TIM8_CC_IRQHandler
                0x00000000080008ec                TIM1_CC_IRQHandler
                0x00000000080008ec                DMA2_Stream5_IRQHandler
                0x00000000080008ec                DMA1_Stream5_IRQHandler
                0x00000000080008ec                PVD_IRQHandler
                0x00000000080008ec                SDIO_IRQHandler
                0x00000000080008ec                TAMP_STAMP_IRQHandler
                0x00000000080008ec                CAN2_RX1_IRQHandler
                0x00000000080008ec                EXTI3_IRQHandler
                0x00000000080008ec                TIM8_TRG_COM_TIM14_IRQHandler
                0x00000000080008ec                TIM1_UP_TIM10_IRQHandler
                0x00000000080008ec                TIM8_UP_TIM13_IRQHandler
                0x00000000080008ec                I2C3_ER_IRQHandler
                0x00000000080008ec                EXTI0_IRQHandler
                0x00000000080008ec                I2C2_EV_IRQHandler
                0x00000000080008ec                DMA1_Stream2_IRQHandler
                0x00000000080008ec                CAN1_RX0_IRQHandler
                0x00000000080008ec                FPU_IRQHandler
                0x00000000080008ec                OTG_HS_WKUP_IRQHandler
                0x00000000080008ec                CAN2_SCE_IRQHandler
                0x00000000080008ec                DMA2_Stream2_IRQHandler
                0x00000000080008ec                SPI1_IRQHandler
                0x00000000080008ec                TIM6_DAC_IRQHandler
                0x00000000080008ec                TIM1_BRK_TIM9_IRQHandler
                0x00000000080008ec                DCMI_IRQHandler
                0x00000000080008ec                CAN2_RX0_IRQHandler
                0x00000000080008ec                DMA2_Stream3_IRQHandler
                0x00000000080008ec                USART6_IRQHandler
                0x00000000080008ec                USART3_IRQHandler
                0x00000000080008ec                CAN1_RX1_IRQHandler
                0x00000000080008ec                UART5_IRQHandler
                0x00000000080008ec                DMA2_Stream0_IRQHandler
                0x00000000080008ec                TIM4_IRQHandler
                0x00000000080008ec                I2C1_EV_IRQHandler
                0x00000000080008ec                DMA1_Stream6_IRQHandler
                0x00000000080008ec                DMA1_Stream1_IRQHandler
                0x00000000080008ec                UART4_IRQHandler
                0x00000000080008ec                TIM3_IRQHandler
                0x00000000080008ec                RCC_IRQHandler
                0x00000000080008ec                TIM8_BRK_TIM12_IRQHandler
                0x00000000080008ec                Default_Handler
                0x00000000080008ec                EXTI15_10_IRQHandler
                0x00000000080008ec                ADC_IRQHandler
                0x00000000080008ec                DMA1_Stream7_IRQHandler
                0x00000000080008ec                TIM7_IRQHandler
                0x00000000080008ec                CAN2_TX_IRQHandler
                0x00000000080008ec                TIM5_IRQHandler
                0x00000000080008ec                DMA2_Stream7_IRQHandler
                0x00000000080008ec                I2C3_EV_IRQHandler
                0x00000000080008ec                EXTI9_5_IRQHandler
                0x00000000080008ec                RTC_WKUP_IRQHandler
                0x00000000080008ec                ETH_WKUP_IRQHandler
                0x00000000080008ec                SPI2_IRQHandler
                0x00000000080008ec                OTG_HS_EP1_IN_IRQHandler
                0x00000000080008ec                DMA1_Stream0_IRQHandler
                0x00000000080008ec                CAN1_TX_IRQHandler
                0x00000000080008ec                EXTI4_IRQHandler
                0x00000000080008ec                FSMC_IRQHandler
                0x00000000080008ec                ETH_IRQHandler
                0x00000000080008ec                OTG_HS_EP1_OUT_IRQHandler
                0x00000000080008ec                WWDG_IRQHandler
                0x00000000080008ec                TIM2_IRQHandler
                0x00000000080008ec                OTG_FS_WKUP_IRQHandler
                0x00000000080008ec                TIM1_TRG_COM_TIM11_IRQHandler
                0x00000000080008ec                OTG_HS_IRQHandler
                0x00000000080008ec                EXTI1_IRQHandler
                0x00000000080008ec                USART2_IRQHandler
                0x00000000080008ec                I2C2_ER_IRQHandler
                0x00000000080008ec                DMA2_Stream1_IRQHandler
                0x00000000080008ec                CAN1_SCE_IRQHandler
                0x00000000080008ec                FLASH_IRQHandler
                0x00000000080008ec                DMA2_Stream4_IRQHandler
                0x00000000080008ec                USART1_IRQHandler
                0x00000000080008ec                OTG_FS_IRQHandler
                0x00000000080008ec                SPI3_IRQHandler
                0x00000000080008ec                DMA1_Stream4_IRQHandler
                0x00000000080008ec                I2C1_ER_IRQHandler
                0x00000000080008ec                DMA2_Stream6_IRQHandler
                0x00000000080008ec                DMA1_Stream3_IRQHandler
 *fill*         0x00000000080008ee        0x2 
 .text.HAL_Init
                0x00000000080008f0       0x44 ./Drivers/STM32F4xx_HAL_Driver/Src/stm32f4xx_hal.o
                0x00000000080008f0                HAL_Init
 .text.HAL_InitTick
                0x0000000008000934       0x60 ./Drivers/STM32F4xx_HAL_Driver/Src/stm32f4xx_hal.o
                0x0000000008000934                HAL_InitTick
 .text.HAL_GetTick
                0x0000000008000994       0x18 ./Drivers/STM32F4xx_HAL_Driver/Src/stm32f4xx_hal.o
                0x0000000008000994                HAL_GetTick
 .text.__NVIC_SetPriorityGrouping
                0x00000000080009ac       0x48 ./Drivers/STM32F4xx_HAL_Driver/Src/stm32f4xx_hal_cortex.o
 .text.__NVIC_GetPriorityGrouping
                0x00000000080009f4       0x1c ./Drivers/STM32F4xx_HAL_Driver/Src/stm32f4xx_hal_cortex.o
 .text.__NVIC_SetPriority
                0x0000000008000a10       0x54 ./Drivers/STM32F4xx_HAL_Driver/Src/stm32f4xx_hal_cortex.o
 .text.NVIC_EncodePriority
                0x0000000008000a64       0x66 ./Drivers/STM32F4xx_HAL_Driver/Src/stm32f4xx_hal_cortex.o
 *fill*         0x0000000008000aca        0x2 
 .text.SysTick_Config
                0x0000000008000acc       0x44 ./Drivers/STM32F4xx_HAL_Driver/Src/stm32f4xx_hal_cortex.o
 .text.HAL_NVIC_SetPriorityGrouping
                0x0000000008000b10       0x16 ./Drivers/STM32F4xx_HAL_Driver/Src/stm32f4xx_hal_cortex.o
                0x0000000008000b10                HAL_NVIC_SetPriorityGrouping
 .text.HAL_NVIC_SetPriority
                0x0000000008000b26       0x38 ./Drivers/STM32F4xx_HAL_Driver/Src/stm32f4xx_hal_cortex.o
                0x0000000008000b26                HAL_NVIC_SetPriority
 .text.HAL_SYSTICK_Config
                0x0000000008000b5e       0x18 ./Drivers/STM32F4xx_HAL_Driver/Src/stm32f4xx_hal_cortex.o
                0x0000000008000b5e                HAL_SYSTICK_Config
 *fill*         0x0000000008000b76        0x2 
 .text.HAL_GPIO_Init
                0x0000000008000b78      0x338 ./Drivers/STM32F4xx_HAL_Driver/Src/stm32f4xx_hal_gpio.o
                0x0000000008000b78                HAL_GPIO_Init
 .text.HAL_RCC_OscConfig
                0x0000000008000eb0      0x4f0 ./Drivers/STM32F4xx_HAL_Driver/Src/stm32f4xx_hal_rcc.o
                0x0000000008000eb0                HAL_RCC_OscConfig
 .text.HAL_RCC_ClockConfig
                0x00000000080013a0      0x1cc ./Drivers/STM32F4xx_HAL_Driver/Src/stm32f4xx_hal_rcc.o
                0x00000000080013a0                HAL_RCC_ClockConfig
 .text.HAL_RCC_GetSysClockFreq
                0x000000000800156c      0x18c ./Drivers/STM32F4xx_HAL_Driver/Src/stm32f4xx_hal_rcc.o
                0x000000000800156c                HAL_RCC_GetSysClockFreq
 .text.HAL_RCC_GetHCLKFreq
                0x00000000080016f8       0x18 ./Drivers/STM32F4xx_HAL_Driver/Src/stm32f4xx_hal_rcc.o
                0x00000000080016f8                HAL_RCC_GetHCLKFreq
 .text.HAL_RCC_GetPCLK1Freq
                0x0000000008001710       0x28 ./Drivers/STM32F4xx_HAL_Driver/Src/stm32f4xx_hal_rcc.o
                0x0000000008001710                HAL_RCC_GetPCLK1Freq
 .text.HAL_RCC_GetPCLK2Freq
                0x0000000008001738       0x28 ./Drivers/STM32F4xx_HAL_Driver/Src/stm32f4xx_hal_rcc.o
                0x0000000008001738                HAL_RCC_GetPCLK2Freq
 .text.HAL_UART_Init
                0x0000000008001760       0x9a ./Drivers/STM32F4xx_HAL_Driver/Src/stm32f4xx_hal_uart.o
                0x0000000008001760                HAL_UART_Init
 .text.HAL_UART_Transmit
                0x00000000080017fa      0x124 ./Drivers/STM32F4xx_HAL_Driver/Src/stm32f4xx_hal_uart.o
                0x00000000080017fa                HAL_UART_Transmit
 .text.UART_WaitOnFlagUntilTimeout
                0x000000000800191e       0xdc ./Drivers/STM32F4xx_HAL_Driver/Src/stm32f4xx_hal_uart.o
 *fill*         0x00000000080019fa        0x2 
 .text.UART_SetConfig
                0x00000000080019fc      0x4e8 ./Drivers/STM32F4xx_HAL_Driver/Src/stm32f4xx_hal_uart.o
 .text.vListInitialise
                0x0000000008001ee4       0x40 ./Third_Party/FreeRTOS/list.o
                0x0000000008001ee4                vListInitialise
 .text.vListInitialiseItem
                0x0000000008001f24       0x1a ./Third_Party/FreeRTOS/list.o
                0x0000000008001f24                vListInitialiseItem
 .text.vListInsert
                0x0000000008001f3e       0x72 ./Third_Party/FreeRTOS/list.o
                0x0000000008001f3e                vListInsert
 .text.uxListRemove
                0x0000000008001fb0       0x54 ./Third_Party/FreeRTOS/list.o
                0x0000000008001fb0                uxListRemove
 .text.xQueueGenericReset
                0x0000000008002004      0x120 ./Third_Party/FreeRTOS/queue.o
                0x0000000008002004                xQueueGenericReset
 .text.xQueueGenericCreate
                0x0000000008002124       0x9c ./Third_Party/FreeRTOS/queue.o
                0x0000000008002124                xQueueGenericCreate
 .text.prvInitialiseNewQueue
                0x00000000080021c0       0x46 ./Third_Party/FreeRTOS/queue.o
 *fill*         0x0000000008002206        0x2 
 .text.xQueueGenericSend
                0x0000000008002208      0x1cc ./Third_Party/FreeRTOS/queue.o
                0x0000000008002208                xQueueGenericSend
 .text.xQueueReceive
                0x00000000080023d4      0x190 ./Third_Party/FreeRTOS/queue.o
                0x00000000080023d4                xQueueReceive
 .text.prvCopyDataToQueue
                0x0000000008002564       0xd4 ./Third_Party/FreeRTOS/queue.o
 .text.prvCopyDataFromQueue
                0x0000000008002638       0x4c ./Third_Party/FreeRTOS/queue.o
 .text.prvUnlockQueue
                0x0000000008002684       0xa4 ./Third_Party/FreeRTOS/queue.o
 .text.prvIsQueueEmpty
                0x0000000008002728       0x2c ./Third_Party/FreeRTOS/queue.o
 .text.prvIsQueueFull
                0x0000000008002754       0x30 ./Third_Party/FreeRTOS/queue.o
 .text.xTaskCreate
                0x0000000008002784       0x82 ./Third_Party/FreeRTOS/tasks.o
                0x0000000008002784                xTaskCreate
 .text.prvInitialiseNewTask
                0x0000000008002806      0x148 ./Third_Party/FreeRTOS/tasks.o
 *fill*         0x000000000800294e        0x2 
 .text.prvAddNewTaskToReadyList
                0x0000000008002950      0x12c ./Third_Party/FreeRTOS/tasks.o
 .text.vTaskDelay
                0x0000000008002a7c       0x68 ./Third_Party/FreeRTOS/tasks.o
                0x0000000008002a7c                vTaskDelay
 .text.vTaskStartScheduler
                0x0000000008002ae4       0x98 ./Third_Party/FreeRTOS/tasks.o
                0x0000000008002ae4                vTaskStartScheduler
 .text.vTaskSuspendAll
                0x0000000008002b7c       0x1c ./Third_Party/FreeRTOS/tasks.o
                0x0000000008002b7c                vTaskSuspendAll
 .text.xTaskResumeAll
                0x0000000008002b98      0x1f8 ./Third_Party/FreeRTOS/tasks.o
                0x0000000008002b98                xTaskResumeAll
 .text.xTaskIncrementTick
                0x0000000008002d90      0x22c ./Third_Party/FreeRTOS/tasks.o
                0x0000000008002d90                xTaskIncrementTick
 .text.vTaskSwitchContext
                0x0000000008002fbc       0xb8 ./Third_Party/FreeRTOS/tasks.o
                0x0000000008002fbc                vTaskSwitchContext
 .text.vTaskPlaceOnEventList
                0x0000000008003074       0x48 ./Third_Party/FreeRTOS/tasks.o
                0x0000000008003074                vTaskPlaceOnEventList
 .text.xTaskRemoveFromEventList
                0x00000000080030bc      0x1ac ./Third_Party/FreeRTOS/tasks.o
                0x00000000080030bc                xTaskRemoveFromEventList
 .text.vTaskInternalSetTimeOutState
                0x0000000008003268       0x2c ./Third_Party/FreeRTOS/tasks.o
                0x0000000008003268                vTaskInternalSetTimeOutState
 .text.xTaskCheckForTimeOut
                0x0000000008003294       0xcc ./Third_Party/FreeRTOS/tasks.o
                0x0000000008003294                xTaskCheckForTimeOut
 .text.vTaskMissedYield
                0x0000000008003360       0x18 ./Third_Party/FreeRTOS/tasks.o
                0x0000000008003360                vTaskMissedYield
 .text.prvIdleTask
                0x0000000008003378       0x30 ./Third_Party/FreeRTOS/tasks.o
 .text.prvInitialiseTaskLists
                0x00000000080033a8       0x80 ./Third_Party/FreeRTOS/tasks.o
 .text.prvCheckTasksWaitingTermination
                0x0000000008003428       0x5c ./Third_Party/FreeRTOS/tasks.o
 .text.prvDeleteTCB
                0x0000000008003484       0x20 ./Third_Party/FreeRTOS/tasks.o
 .text.prvResetNextTaskUnblockTime
                0x00000000080034a4       0x38 ./Third_Party/FreeRTOS/tasks.o
 .text.xTaskPriorityDisinherit
                0x00000000080034dc      0x148 ./Third_Party/FreeRTOS/tasks.o
                0x00000000080034dc                xTaskPriorityDisinherit
 .text.prvAddCurrentTaskToDelayedList
                0x0000000008003624      0x100 ./Third_Party/FreeRTOS/tasks.o
 .text.pxPortInitialiseStack
                0x0000000008003724       0x68 ./Third_Party/FreeRTOS/portable/GCC/ARM_CM4F/port.o
                0x0000000008003724                pxPortInitialiseStack
 .text.prvTaskExitError
                0x000000000800378c       0x58 ./Third_Party/FreeRTOS/portable/GCC/ARM_CM4F/port.o
 *fill*         0x00000000080037e4        0xc 
 .text.SVC_Handler
                0x00000000080037f0       0x28 ./Third_Party/FreeRTOS/portable/GCC/ARM_CM4F/port.o
                0x00000000080037f0                SVC_Handler
 .text.prvPortStartFirstTask
                0x0000000008003818       0x2c ./Third_Party/FreeRTOS/portable/GCC/ARM_CM4F/port.o
 .text.xPortStartScheduler
                0x0000000008003844      0x144 ./Third_Party/FreeRTOS/portable/GCC/ARM_CM4F/port.o
                0x0000000008003844                xPortStartScheduler
 .text.vPortEnterCritical
                0x0000000008003988       0x60 ./Third_Party/FreeRTOS/portable/GCC/ARM_CM4F/port.o
                0x0000000008003988                vPortEnterCritical
 .text.vPortExitCritical
                0x00000000080039e8       0x54 ./Third_Party/FreeRTOS/portable/GCC/ARM_CM4F/port.o
                0x00000000080039e8                vPortExitCritical
 *fill*         0x0000000008003a3c        0x4 
 .text.PendSV_Handler
                0x0000000008003a40       0x68 ./Third_Party/FreeRTOS/portable/GCC/ARM_CM4F/port.o
                0x0000000008003a40                PendSV_Handler
 .text.SysTick_Handler
                0x0000000008003aa8       0x44 ./Third_Party/FreeRTOS/portable/GCC/ARM_CM4F/port.o
                0x0000000008003aa8                SysTick_Handler
 .text.vPortSetupTimerInterrupt
                0x0000000008003aec       0x48 ./Third_Party/FreeRTOS/portable/GCC/ARM_CM4F/port.o
                0x0000000008003aec                vPortSetupTimerInterrupt
 .text.vPortEnableVFP
                0x0000000008003b34       0x18 ./Third_Party/FreeRTOS/portable/GCC/ARM_CM4F/port.o
 .text.pvPortMalloc
                0x0000000008003b4c      0x1c0 ./Third_Party/FreeRTOS/portable/MemMang/heap_4.o
                0x0000000008003b4c                pvPortMalloc
 .text.vPortFree
                0x0000000008003d0c       0xc4 ./Third_Party/FreeRTOS/portable/MemMang/heap_4.o
                0x0000000008003d0c                vPortFree
 .text.prvHeapInit
                0x0000000008003dd0       0xc4 ./Third_Party/FreeRTOS/portable/MemMang/heap_4.o
 .text.prvInsertBlockIntoFreeList
                0x0000000008003e94       0xb4 ./Third_Party/FreeRTOS/portable/MemMang/heap_4.o
 .text.__libc_init_array
                0x0000000008003f48       0x48 c:/st/stm32cubeide_1.9.0/stm32cubeide/plugins/com.st.stm32cube.ide.mcu.externaltools.gnu-tools-for-stm32.10.3-2021.10.win32_1.0.0.202111181127/tools/bin/../lib/gcc/arm-none-eabi/10.3.1/../../../../arm-none-eabi/lib/thumb/v7e-m+fp/hard\libc_nano.a(lib_a-init.o)
                0x0000000008003f48                __libc_init_array
 .text.memcpy   0x0000000008003f90       0x1c c:/st/stm32cubeide_1.9.0/stm32cubeide/plugins/com.st.stm32cube.ide.mcu.externaltools.gnu-tools-for-stm32.10.3-2021.10.win32_1.0.0.202111181127/tools/bin/../lib/gcc/arm-none-eabi/10.3.1/../../../../arm-none-eabi/lib/thumb/v7e-m+fp/hard\libc_nano.a(lib_a-memcpy-stub.o)
                0x0000000008003f90                memcpy
 .text.memset   0x0000000008003fac       0x10 c:/st/stm32cubeide_1.9.0/stm32cubeide/plugins/com.st.stm32cube.ide.mcu.externaltools.gnu-tools-for-stm32.10.3-2021.10.win32_1.0.0.202111181127/tools/bin/../lib/gcc/arm-none-eabi/10.3.1/../../../../arm-none-eabi/lib/thumb/v7e-m+fp/hard\libc_nano.a(lib_a-memset.o)
                0x0000000008003fac                memset
 *(.glue_7)
 .glue_7        0x0000000008003fbc        0x0 linker stubs
 *(.glue_7t)
 .glue_7t       0x0000000008003fbc        0x0 linker stubs
 *(.eh_frame)
 .eh_frame      0x0000000008003fbc        0x0 c:/st/stm32cubeide_1.9.0/stm32cubeide/plugins/com.st.stm32cube.ide.mcu.externaltools.gnu-tools-for-stm32.10.3-2021.10.win32_1.0.0.202111181127/tools/bin/../lib/gcc/arm-none-eabi/10.3.1/thumb/v7e-m+fp/hard/crtbegin.o
 *(.init)
 .init          0x0000000008003fbc        0x4 c:/st/stm32cubeide_1.9.0/stm32cubeide/plugins/com.st.stm32cube.ide.mcu.externaltools.gnu-tools-for-stm32.10.3-2021.10.win32_1.0.0.202111181127/tools/bin/../lib/gcc/arm-none-eabi/10.3.1/thumb/v7e-m+fp/hard/crti.o
                0x0000000008003fbc                _init
 .init          0x0000000008003fc0        0x8 c:/st/stm32cubeide_1.9.0/stm32cubeide/plugins/com.st.stm32cube.ide.mcu.externaltools.gnu-tools-for-stm32.10.3-2021.10.win32_1.0.0.202111181127/tools/bin/../lib/gcc/arm-none-eabi/10.3.1/thumb/v7e-m+fp/hard/crtn.o
 *(.fini)
 .fini          0x0000000008003fc8        0x4 c:/st/stm32cubeide_1.9.0/stm32cubeide/plugins/com.st.stm32cube.ide.mcu.externaltools.gnu-tools-for-stm32.10.3-2021.10.win32_1.0.0.202111181127/tools/bin/../lib/gcc/arm-none-eabi/10.3.1/thumb/v7e-m+fp/hard/crti.o
                0x0000000008003fc8                _fini
 .fini          0x0000000008003fcc        0x8 c:/st/stm32cubeide_1.9.0/stm32cubeide/plugins/com.st.stm32cube.ide.mcu.externaltools.gnu-tools-for-stm32.10.3-2021.10.win32_1.0.0.202111181127/tools/bin/../lib/gcc/arm-none-eabi/10.3.1/thumb/v7e-m+fp/hard/crtn.o
                0x0000000008003fd4                . = ALIGN (0x4)
                0x0000000008003fd4                _etext = .

.vfp11_veneer   0x0000000008003fd4        0x0
 .vfp11_veneer  0x0000000008003fd4        0x0 linker stubs

.v4_bx          0x0000000008003fd4        0x0
 .v4_bx         0x0000000008003fd4        0x0 linker stubs

.iplt           0x0000000008003fd4        0x0
 .iplt          0x0000000008003fd4        0x0 c:/st/stm32cubeide_1.9.0/stm32cubeide/plugins/com.st.stm32cube.ide.mcu.externaltools.gnu-tools-for-stm32.10.3-2021.10.win32_1.0.0.202111181127/tools/bin/../lib/gcc/arm-none-eabi/10.3.1/thumb/v7e-m+fp/hard/crtbegin.o

.rodata         0x0000000008003fd4       0x68
                0x0000000008003fd4                . = ALIGN (0x4)
 *(.rodata)
 .rodata        0x0000000008003fd4       0x45 ./Core/Src/main.o
 *fill*         0x0000000008004019        0x3 
 .rodata        0x000000000800401c        0x5 ./Third_Party/FreeRTOS/tasks.o
 *(.rodata*)
 *fill*         0x0000000008004021        0x3 
 .rodata.AHBPrescTable
                0x0000000008004024       0x10 ./Core/Src/system_stm32f4xx.o
                0x0000000008004024                AHBPrescTable
 .rodata.APBPrescTable
                0x0000000008004034        0x8 ./Core/Src/system_stm32f4xx.o
                0x0000000008004034                APBPrescTable
                0x000000000800403c                . = ALIGN (0x4)

.ARM.extab      0x000000000800403c        0x0
                0x000000000800403c                . = ALIGN (0x4)
 *(.ARM.extab* .gnu.linkonce.armextab.*)
                0x000000000800403c                . = ALIGN (0x4)

.ARM            0x000000000800403c        0x8
                0x000000000800403c                . = ALIGN (0x4)
                0x000000000800403c                __exidx_start = .
 *(.ARM.exidx*)
 .ARM.exidx     0x000000000800403c        0x8 c:/st/stm32cubeide_1.9.0/stm32cubeide/plugins/com.st.stm32cube.ide.mcu.externaltools.gnu-tools-for-stm32.10.3-2021.10.win32_1.0.0.202111181127/tools/bin/../lib/gcc/arm-none-eabi/10.3.1/thumb/v7e-m+fp/hard\libgcc.a(_udivmoddi4.o)
                0x0000000008004044                __exidx_end = .
                0x0000000008004044                . = ALIGN (0x4)

.rel.dyn        0x0000000008004044        0x0
 .rel.iplt      0x0000000008004044        0x0 c:/st/stm32cubeide_1.9.0/stm32cubeide/plugins/com.st.stm32cube.ide.mcu.externaltools.gnu-tools-for-stm32.10.3-2021.10.win32_1.0.0.202111181127/tools/bin/../lib/gcc/arm-none-eabi/10.3.1/thumb/v7e-m+fp/hard/crtbegin.o

.preinit_array  0x0000000008004044        0x0
                0x0000000008004044                . = ALIGN (0x4)
                0x0000000008004044                PROVIDE (__preinit_array_start = .)
 *(.preinit_array*)
                0x0000000008004044                PROVIDE (__preinit_array_end = .)
                0x0000000008004044                . = ALIGN (0x4)

.init_array     0x0000000008004044        0x4
                0x0000000008004044                . = ALIGN (0x4)
                0x0000000008004044                PROVIDE (__init_array_start = .)
 *(SORT_BY_NAME(.init_array.*))
 *(.init_array*)
 .init_array    0x0000000008004044        0x4 c:/st/stm32cubeide_1.9.0/stm32cubeide/plugins/com.st.stm32cube.ide.mcu.externaltools.gnu-tools-for-stm32.10.3-2021.10.win32_1.0.0.202111181127/tools/bin/../lib/gcc/arm-none-eabi/10.3.1/thumb/v7e-m+fp/hard/crtbegin.o
                0x0000000008004048                PROVIDE (__init_array_end = .)
                0x0000000008004048                . = ALIGN (0x4)

.fini_array     0x0000000008004048        0x4
                0x0000000008004048                . = ALIGN (0x4)
                [!provide]                        PROVIDE (__fini_array_start = .)
 *(SORT_BY_NAME(.fini_array.*))
 *(.fini_array*)
 .fini_array    0x0000000008004048        0x4 c:/st/stm32cubeide_1.9.0/stm32cubeide/plugins/com.st.stm32cube.ide.mcu.externaltools.gnu-tools-for-stm32.10.3-2021.10.win32_1.0.0.202111181127/tools/bin/../lib/gcc/arm-none-eabi/10.3.1/thumb/v7e-m+fp/hard/crtbegin.o
                [!provide]                        PROVIDE (__fini_array_end = .)
                0x000000000800404c                . = ALIGN (0x4)
                0x000000000800404c                _sidata = LOADADDR (.data)

.data           0x0000000020000000       0x14 load address 0x000000000800404c
                0x0000000020000000                . = ALIGN (0x4)
                0x0000000020000000                _sdata = .
 *(.data)
 *(.data*)
 .data.SystemCoreClock
                0x0000000020000000        0x4 ./Core/Src/system_stm32f4xx.o
                0x0000000020000000                SystemCoreClock
 .data.uwTickPrio
                0x0000000020000004        0x4 ./Drivers/STM32F4xx_HAL_Driver/Src/stm32f4xx_hal.o
                0x0000000020000004                uwTickPrio
 .data.uwTickFreq
                0x0000000020000008        0x1 ./Drivers/STM32F4xx_HAL_Driver/Src/stm32f4xx_hal.o
                0x0000000020000008                uwTickFreq
 *fill*         0x0000000020000009        0x3 
 .data.uxTopUsedPriority
                0x000000002000000c        0x4 ./Third_Party/FreeRTOS/tasks.o
                0x000000002000000c                uxTopUsedPriority
 .data.uxCriticalNesting
                0x0000000020000010        0x4 ./Third_Party/FreeRTOS/portable/GCC/ARM_CM4F/port.o
 *(.RamFunc)
 *(.RamFunc*)
                0x0000000020000014                . = ALIGN (0x4)
                0x0000000020000014                _edata = .
                0x0000000008004060                _siccmram = LOADADDR (.ccmram)

.igot.plt       0x0000000020000014        0x0 load address 0x0000000008004060
 .igot.plt      0x0000000020000014        0x0 c:/st/stm32cubeide_1.9.0/stm32cubeide/plugins/com.st.stm32cube.ide.mcu.externaltools.gnu-tools-for-stm32.10.3-2021.10.win32_1.0.0.202111181127/tools/bin/../lib/gcc/arm-none-eabi/10.3.1/thumb/v7e-m+fp/hard/crtbegin.o

.ccmram         0x0000000010000000        0x0 load address 0x0000000008004060
                0x0000000010000000                . = ALIGN (0x4)
                0x0000000010000000                _sccmram = .
 *(.ccmram)
 *(.ccmram*)
                0x0000000010000000                . = ALIGN (0x4)
                0x0000000010000000                _eccmram = .
                0x0000000010000000                . = ALIGN (0x4)

.bss            0x0000000020000014    0x12d9c
                0x0000000020000014                _sbss = .
                0x0000000020000014                __bss_start__ = _sbss
 *(.bss)
 .bss           0x0000000020000014       0x1c c:/st/stm32cubeide_1.9.0/stm32cubeide/plugins/com.st.stm32cube.ide.mcu.externaltools.gnu-tools-for-stm32.10.3-2021.10.win32_1.0.0.202111181127/tools/bin/../lib/gcc/arm-none-eabi/10.3.1/thumb/v7e-m+fp/hard/crtbegin.o
 *(.bss*)
 .bss.huart2    0x0000000020000030       0x44 ./Core/Src/main.o
                0x0000000020000030                huart2
 .bss.task1_handle
                0x0000000020000074        0x4 ./Core/Src/main.o
                0x0000000020000074                task1_handle
 .bss.task2_handle
                0x0000000020000078        0x4 ./Core/Src/main.o
                0x0000000020000078                task2_handle
 .bss.xQueue1   0x000000002000007c        0x4 ./Core/Src/main.o
                0x000000002000007c                xQueue1
 .bss.uwTick    0x0000000020000080        0x4 ./Drivers/STM32F4xx_HAL_Driver/Src/stm32f4xx_hal.o
                0x0000000020000080                uwTick
 .bss.pxCurrentTCB
                0x0000000020000084        0x4 ./Third_Party/FreeRTOS/tasks.o
                0x0000000020000084                pxCurrentTCB
 .bss.pxReadyTasksLists
                0x0000000020000088       0x64 ./Third_Party/FreeRTOS/tasks.o
 .bss.xDelayedTaskList1
                0x00000000200000ec       0x14 ./Third_Party/FreeRTOS/tasks.o
 .bss.xDelayedTaskList2
                0x0000000020000100       0x14 ./Third_Party/FreeRTOS/tasks.o
 .bss.pxDelayedTaskList
                0x0000000020000114        0x4 ./Third_Party/FreeRTOS/tasks.o
 .bss.pxOverflowDelayedTaskList
                0x0000000020000118        0x4 ./Third_Party/FreeRTOS/tasks.o
 .bss.xPendingReadyList
                0x000000002000011c       0x14 ./Third_Party/FreeRTOS/tasks.o
 .bss.xTasksWaitingTermination
                0x0000000020000130       0x14 ./Third_Party/FreeRTOS/tasks.o
 .bss.uxDeletedTasksWaitingCleanUp
                0x0000000020000144        0x4 ./Third_Party/FreeRTOS/tasks.o
 .bss.xSuspendedTaskList
                0x0000000020000148       0x14 ./Third_Party/FreeRTOS/tasks.o
 .bss.uxCurrentNumberOfTasks
                0x000000002000015c        0x4 ./Third_Party/FreeRTOS/tasks.o
 .bss.xTickCount
                0x0000000020000160        0x4 ./Third_Party/FreeRTOS/tasks.o
 .bss.uxTopReadyPriority
                0x0000000020000164        0x4 ./Third_Party/FreeRTOS/tasks.o
 .bss.xSchedulerRunning
                0x0000000020000168        0x4 ./Third_Party/FreeRTOS/tasks.o
 .bss.xPendedTicks
                0x000000002000016c        0x4 ./Third_Party/FreeRTOS/tasks.o
 .bss.xYieldPending
                0x0000000020000170        0x4 ./Third_Party/FreeRTOS/tasks.o
 .bss.xNumOfOverflows
                0x0000000020000174        0x4 ./Third_Party/FreeRTOS/tasks.o
 .bss.uxTaskNumber
                0x0000000020000178        0x4 ./Third_Party/FreeRTOS/tasks.o
 .bss.xNextTaskUnblockTime
                0x000000002000017c        0x4 ./Third_Party/FreeRTOS/tasks.o
 .bss.xIdleTaskHandle
                0x0000000020000180        0x4 ./Third_Party/FreeRTOS/tasks.o
 .bss.uxSchedulerSuspended
                0x0000000020000184        0x4 ./Third_Party/FreeRTOS/tasks.o
 .bss.ucMaxSysCallPriority
                0x0000000020000188        0x1 ./Third_Party/FreeRTOS/portable/GCC/ARM_CM4F/port.o
 *fill*         0x0000000020000189        0x3 
 .bss.ulMaxPRIGROUPValue
                0x000000002000018c        0x4 ./Third_Party/FreeRTOS/portable/GCC/ARM_CM4F/port.o
 .bss.ucHeap    0x0000000020000190    0x12c00 ./Third_Party/FreeRTOS/portable/MemMang/heap_4.o
 .bss.xStart    0x0000000020012d90        0x8 ./Third_Party/FreeRTOS/portable/MemMang/heap_4.o
 .bss.pxEnd     0x0000000020012d98        0x4 ./Third_Party/FreeRTOS/portable/MemMang/heap_4.o
 .bss.xFreeBytesRemaining
                0x0000000020012d9c        0x4 ./Third_Party/FreeRTOS/portable/MemMang/heap_4.o
 .bss.xMinimumEverFreeBytesRemaining
                0x0000000020012da0        0x4 ./Third_Party/FreeRTOS/portable/MemMang/heap_4.o
 .bss.xNumberOfSuccessfulAllocations
                0x0000000020012da4        0x4 ./Third_Party/FreeRTOS/portable/MemMang/heap_4.o
 .bss.xNumberOfSuccessfulFrees
                0x0000000020012da8        0x4 ./Third_Party/FreeRTOS/portable/MemMang/heap_4.o
 .bss.xBlockAllocatedBit
                0x0000000020012dac        0x4 ./Third_Party/FreeRTOS/portable/MemMang/heap_4.o
 *(COMMON)
                0x0000000020012db0                . = ALIGN (0x4)
                0x0000000020012db0                _ebss = .
                0x0000000020012db0                __bss_end__ = _ebss

._user_heap_stack
                0x0000000020012db0      0x600
                0x0000000020012db0                . = ALIGN (0x8)
                [!provide]                        PROVIDE (end = .)
                0x0000000020012db0                PROVIDE (_end = .)
                0x0000000020012fb0                . = (. + _Min_Heap_Size)
 *fill*         0x0000000020012db0      0x200 
                0x00000000200133b0                . = (. + _Min_Stack_Size)
 *fill*         0x0000000020012fb0      0x400 
                0x00000000200133b0                . = ALIGN (0x8)

/DISCARD/
 libc.a(*)
 libm.a(*)
 libgcc.a(*)

.ARM.attributes
                0x0000000000000000       0x30
 *(.ARM.attributes)
 .ARM.attributes
                0x0000000000000000       0x1e c:/st/stm32cubeide_1.9.0/stm32cubeide/plugins/com.st.stm32cube.ide.mcu.externaltools.gnu-tools-for-stm32.10.3-2021.10.win32_1.0.0.202111181127/tools/bin/../lib/gcc/arm-none-eabi/10.3.1/thumb/v7e-m+fp/hard/crti.o
 .ARM.attributes
                0x000000000000001e       0x34 c:/st/stm32cubeide_1.9.0/stm32cubeide/plugins/com.st.stm32cube.ide.mcu.externaltools.gnu-tools-for-stm32.10.3-2021.10.win32_1.0.0.202111181127/tools/bin/../lib/gcc/arm-none-eabi/10.3.1/thumb/v7e-m+fp/hard/crtbegin.o
 .ARM.attributes
                0x0000000000000052       0x34 ./Core/Src/main.o
 .ARM.attributes
                0x0000000000000086       0x34 ./Core/Src/stm32f4xx_hal_msp.o
 .ARM.attributes
                0x00000000000000ba       0x34 ./Core/Src/stm32f4xx_it.o
 .ARM.attributes
                0x00000000000000ee       0x34 ./Core/Src/system_stm32f4xx.o
 .ARM.attributes
                0x0000000000000122       0x21 ./Core/Startup/startup_stm32f407vgtx.o
 .ARM.attributes
                0x0000000000000143       0x34 ./Drivers/STM32F4xx_HAL_Driver/Src/stm32f4xx_hal.o
 .ARM.attributes
                0x0000000000000177       0x34 ./Drivers/STM32F4xx_HAL_Driver/Src/stm32f4xx_hal_cortex.o
 .ARM.attributes
                0x00000000000001ab       0x34 ./Drivers/STM32F4xx_HAL_Driver/Src/stm32f4xx_hal_gpio.o
 .ARM.attributes
                0x00000000000001df       0x34 ./Drivers/STM32F4xx_HAL_Driver/Src/stm32f4xx_hal_rcc.o
 .ARM.attributes
                0x0000000000000213       0x34 ./Drivers/STM32F4xx_HAL_Driver/Src/stm32f4xx_hal_uart.o
 .ARM.attributes
                0x0000000000000247       0x34 ./Third_Party/FreeRTOS/list.o
 .ARM.attributes
                0x000000000000027b       0x34 ./Third_Party/FreeRTOS/queue.o
 .ARM.attributes
                0x00000000000002af       0x34 ./Third_Party/FreeRTOS/tasks.o
 .ARM.attributes
                0x00000000000002e3       0x34 ./Third_Party/FreeRTOS/portable/GCC/ARM_CM4F/port.o
 .ARM.attributes
                0x0000000000000317       0x34 ./Third_Party/FreeRTOS/portable/MemMang/heap_4.o
 .ARM.attributes
                0x000000000000034b       0x34 c:/st/stm32cubeide_1.9.0/stm32cubeide/plugins/com.st.stm32cube.ide.mcu.externaltools.gnu-tools-for-stm32.10.3-2021.10.win32_1.0.0.202111181127/tools/bin/../lib/gcc/arm-none-eabi/10.3.1/../../../../arm-none-eabi/lib/thumb/v7e-m+fp/hard\libc_nano.a(lib_a-init.o)
 .ARM.attributes
                0x000000000000037f       0x34 c:/st/stm32cubeide_1.9.0/stm32cubeide/plugins/com.st.stm32cube.ide.mcu.externaltools.gnu-tools-for-stm32.10.3-2021.10.win32_1.0.0.202111181127/tools/bin/../lib/gcc/arm-none-eabi/10.3.1/../../../../arm-none-eabi/lib/thumb/v7e-m+fp/hard\libc_nano.a(lib_a-memcpy-stub.o)
 .ARM.attributes
                0x00000000000003b3       0x34 c:/st/stm32cubeide_1.9.0/stm32cubeide/plugins/com.st.stm32cube.ide.mcu.externaltools.gnu-tools-for-stm32.10.3-2021.10.win32_1.0.0.202111181127/tools/bin/../lib/gcc/arm-none-eabi/10.3.1/../../../../arm-none-eabi/lib/thumb/v7e-m+fp/hard\libc_nano.a(lib_a-memset.o)
 .ARM.attributes
                0x00000000000003e7       0x1e c:/st/stm32cubeide_1.9.0/stm32cubeide/plugins/com.st.stm32cube.ide.mcu.externaltools.gnu-tools-for-stm32.10.3-2021.10.win32_1.0.0.202111181127/tools/bin/../lib/gcc/arm-none-eabi/10.3.1/thumb/v7e-m+fp/hard\libgcc.a(_aeabi_uldivmod.o)
 .ARM.attributes
                0x0000000000000405       0x34 c:/st/stm32cubeide_1.9.0/stm32cubeide/plugins/com.st.stm32cube.ide.mcu.externaltools.gnu-tools-for-stm32.10.3-2021.10.win32_1.0.0.202111181127/tools/bin/../lib/gcc/arm-none-eabi/10.3.1/thumb/v7e-m+fp/hard\libgcc.a(_udivmoddi4.o)
 .ARM.attributes
                0x0000000000000439       0x1e c:/st/stm32cubeide_1.9.0/stm32cubeide/plugins/com.st.stm32cube.ide.mcu.externaltools.gnu-tools-for-stm32.10.3-2021.10.win32_1.0.0.202111181127/tools/bin/../lib/gcc/arm-none-eabi/10.3.1/thumb/v7e-m+fp/hard\libgcc.a(_dvmd_tls.o)
 .ARM.attributes
                0x0000000000000457       0x1e c:/st/stm32cubeide_1.9.0/stm32cubeide/plugins/com.st.stm32cube.ide.mcu.externaltools.gnu-tools-for-stm32.10.3-2021.10.win32_1.0.0.202111181127/tools/bin/../lib/gcc/arm-none-eabi/10.3.1/thumb/v7e-m+fp/hard/crtn.o
OUTPUT(RTOS_Project.elf elf32-littlearm)
LOAD linker stubs
LOAD c:/st/stm32cubeide_1.9.0/stm32cubeide/plugins/com.st.stm32cube.ide.mcu.externaltools.gnu-tools-for-stm32.10.3-2021.10.win32_1.0.0.202111181127/tools/bin/../lib/gcc/arm-none-eabi/10.3.1/../../../../arm-none-eabi/lib/thumb/v7e-m+fp/hard\libc.a
LOAD c:/st/stm32cubeide_1.9.0/stm32cubeide/plugins/com.st.stm32cube.ide.mcu.externaltools.gnu-tools-for-stm32.10.3-2021.10.win32_1.0.0.202111181127/tools/bin/../lib/gcc/arm-none-eabi/10.3.1/../../../../arm-none-eabi/lib/thumb/v7e-m+fp/hard\libm.a
LOAD c:/st/stm32cubeide_1.9.0/stm32cubeide/plugins/com.st.stm32cube.ide.mcu.externaltools.gnu-tools-for-stm32.10.3-2021.10.win32_1.0.0.202111181127/tools/bin/../lib/gcc/arm-none-eabi/10.3.1/thumb/v7e-m+fp/hard\libgcc.a

.debug_info     0x0000000000000000     0xc137
 .debug_info    0x0000000000000000      0xd48 ./Core/Src/main.o
 .debug_info    0x0000000000000d48      0x96b ./Core/Src/stm32f4xx_hal_msp.o
 .debug_info    0x00000000000016b3       0xe3 ./Core/Src/stm32f4xx_it.o
 .debug_info    0x0000000000001796      0x523 ./Core/Src/system_stm32f4xx.o
 .debug_info    0x0000000000001cb9       0x22 ./Core/Startup/startup_stm32f407vgtx.o
 .debug_info    0x0000000000001cdb      0x97c ./Drivers/STM32F4xx_HAL_Driver/Src/stm32f4xx_hal.o
 .debug_info    0x0000000000002657      0xe1b ./Drivers/STM32F4xx_HAL_Driver/Src/stm32f4xx_hal_cortex.o
 .debug_info    0x0000000000003472      0x76a ./Drivers/STM32F4xx_HAL_Driver/Src/stm32f4xx_hal_gpio.o
 .debug_info    0x0000000000003bdc      0x966 ./Drivers/STM32F4xx_HAL_Driver/Src/stm32f4xx_hal_rcc.o
 .debug_info    0x0000000000004542     0x31bc ./Drivers/STM32F4xx_HAL_Driver/Src/stm32f4xx_hal_uart.o
 .debug_info    0x00000000000076fe      0x2d1 ./Third_Party/FreeRTOS/list.o
 .debug_info    0x00000000000079cf     0x182c ./Third_Party/FreeRTOS/queue.o
 .debug_info    0x00000000000091fb     0x2528 ./Third_Party/FreeRTOS/tasks.o
 .debug_info    0x000000000000b723      0x507 ./Third_Party/FreeRTOS/portable/GCC/ARM_CM4F/port.o
 .debug_info    0x000000000000bc2a      0x50d ./Third_Party/FreeRTOS/portable/MemMang/heap_4.o

.debug_abbrev   0x0000000000000000     0x1e35
 .debug_abbrev  0x0000000000000000      0x2e0 ./Core/Src/main.o
 .debug_abbrev  0x00000000000002e0      0x19b ./Core/Src/stm32f4xx_hal_msp.o
 .debug_abbrev  0x000000000000047b       0x47 ./Core/Src/stm32f4xx_it.o
 .debug_abbrev  0x00000000000004c2      0x116 ./Core/Src/system_stm32f4xx.o
 .debug_abbrev  0x00000000000005d8       0x12 ./Core/Startup/startup_stm32f407vgtx.o
 .debug_abbrev  0x00000000000005ea      0x20d ./Drivers/STM32F4xx_HAL_Driver/Src/stm32f4xx_hal.o
 .debug_abbrev  0x00000000000007f7      0x316 ./Drivers/STM32F4xx_HAL_Driver/Src/stm32f4xx_hal_cortex.o
 .debug_abbrev  0x0000000000000b0d      0x1c4 ./Drivers/STM32F4xx_HAL_Driver/Src/stm32f4xx_hal_gpio.o
 .debug_abbrev  0x0000000000000cd1      0x2aa ./Drivers/STM32F4xx_HAL_Driver/Src/stm32f4xx_hal_rcc.o
 .debug_abbrev  0x0000000000000f7b      0x2f4 ./Drivers/STM32F4xx_HAL_Driver/Src/stm32f4xx_hal_uart.o
 .debug_abbrev  0x000000000000126f       0xf2 ./Third_Party/FreeRTOS/list.o
 .debug_abbrev  0x0000000000001361      0x312 ./Third_Party/FreeRTOS/queue.o
 .debug_abbrev  0x0000000000001673      0x357 ./Third_Party/FreeRTOS/tasks.o
 .debug_abbrev  0x00000000000019ca      0x259 ./Third_Party/FreeRTOS/portable/GCC/ARM_CM4F/port.o
 .debug_abbrev  0x0000000000001c23      0x212 ./Third_Party/FreeRTOS/portable/MemMang/heap_4.o

.debug_aranges  0x0000000000000000      0xa38
 .debug_aranges
                0x0000000000000000       0x58 ./Core/Src/main.o
 .debug_aranges
                0x0000000000000058       0x30 ./Core/Src/stm32f4xx_hal_msp.o
 .debug_aranges
                0x0000000000000088       0x48 ./Core/Src/stm32f4xx_it.o
 .debug_aranges
                0x00000000000000d0       0x28 ./Core/Src/system_stm32f4xx.o
 .debug_aranges
                0x00000000000000f8       0x28 ./Core/Startup/startup_stm32f407vgtx.o
 .debug_aranges
                0x0000000000000120       0xf0 ./Drivers/STM32F4xx_HAL_Driver/Src/stm32f4xx_hal.o
 .debug_aranges
                0x0000000000000210      0x118 ./Drivers/STM32F4xx_HAL_Driver/Src/stm32f4xx_hal_cortex.o
 .debug_aranges
                0x0000000000000328       0x58 ./Drivers/STM32F4xx_HAL_Driver/Src/stm32f4xx_hal_gpio.o
 .debug_aranges
                0x0000000000000380       0x88 ./Drivers/STM32F4xx_HAL_Driver/Src/stm32f4xx_hal_rcc.o
 .debug_aranges
                0x0000000000000408      0x200 ./Drivers/STM32F4xx_HAL_Driver/Src/stm32f4xx_hal_uart.o
 .debug_aranges
                0x0000000000000608       0x40 ./Third_Party/FreeRTOS/list.o
 .debug_aranges
                0x0000000000000648      0x128 ./Third_Party/FreeRTOS/queue.o
 .debug_aranges
                0x0000000000000770      0x1f0 ./Third_Party/FreeRTOS/tasks.o
 .debug_aranges
                0x0000000000000960       0x80 ./Third_Party/FreeRTOS/portable/GCC/ARM_CM4F/port.o
 .debug_aranges
                0x00000000000009e0       0x58 ./Third_Party/FreeRTOS/portable/MemMang/heap_4.o

.debug_ranges   0x0000000000000000      0x980
 .debug_ranges  0x0000000000000000       0x48 ./Core/Src/main.o
 .debug_ranges  0x0000000000000048       0x20 ./Core/Src/stm32f4xx_hal_msp.o
 .debug_ranges  0x0000000000000068       0x38 ./Core/Src/stm32f4xx_it.o
 .debug_ranges  0x00000000000000a0       0x18 ./Core/Src/system_stm32f4xx.o
 .debug_ranges  0x00000000000000b8       0x20 ./Core/Startup/startup_stm32f407vgtx.o
 .debug_ranges  0x00000000000000d8       0xe0 ./Drivers/STM32F4xx_HAL_Driver/Src/stm32f4xx_hal.o
 .debug_ranges  0x00000000000001b8      0x108 ./Drivers/STM32F4xx_HAL_Driver/Src/stm32f4xx_hal_cortex.o
 .debug_ranges  0x00000000000002c0       0x48 ./Drivers/STM32F4xx_HAL_Driver/Src/stm32f4xx_hal_gpio.o
 .debug_ranges  0x0000000000000308       0x78 ./Drivers/STM32F4xx_HAL_Driver/Src/stm32f4xx_hal_rcc.o
 .debug_ranges  0x0000000000000380      0x220 ./Drivers/STM32F4xx_HAL_Driver/Src/stm32f4xx_hal_uart.o
 .debug_ranges  0x00000000000005a0       0x30 ./Third_Party/FreeRTOS/list.o
 .debug_ranges  0x00000000000005d0      0x118 ./Third_Party/FreeRTOS/queue.o
 .debug_ranges  0x00000000000006e8      0x1e0 ./Third_Party/FreeRTOS/tasks.o
 .debug_ranges  0x00000000000008c8       0x70 ./Third_Party/FreeRTOS/portable/GCC/ARM_CM4F/port.o
 .debug_ranges  0x0000000000000938       0x48 ./Third_Party/FreeRTOS/portable/MemMang/heap_4.o

.debug_macro    0x0000000000000000    0x21352
 .debug_macro   0x0000000000000000      0x3a9 ./Core/Src/main.o
 .debug_macro   0x00000000000003a9      0xa78 ./Core/Src/main.o
 .debug_macro   0x0000000000000e21      0x295 ./Core/Src/main.o
 .debug_macro   0x00000000000010b6       0x2e ./Core/Src/main.o
 .debug_macro   0x00000000000010e4       0x2f ./Core/Src/main.o
 .debug_macro   0x0000000000001113       0x22 ./Core/Src/main.o
 .debug_macro   0x0000000000001135       0x8e ./Core/Src/main.o
 .debug_macro   0x00000000000011c3       0x51 ./Core/Src/main.o
 .debug_macro   0x0000000000001214      0x103 ./Core/Src/main.o
 .debug_macro   0x0000000000001317       0x6a ./Core/Src/main.o
 .debug_macro   0x0000000000001381      0x1df ./Core/Src/main.o
 .debug_macro   0x0000000000001560       0x1c ./Core/Src/main.o
 .debug_macro   0x000000000000157c       0x22 ./Core/Src/main.o
 .debug_macro   0x000000000000159e       0xd9 ./Core/Src/main.o
 .debug_macro   0x0000000000001677     0x102d ./Core/Src/main.o
 .debug_macro   0x00000000000026a4      0x11f ./Core/Src/main.o
 .debug_macro   0x00000000000027c3    0x15e82 ./Core/Src/main.o
 .debug_macro   0x0000000000018645       0x6d ./Core/Src/main.o
 .debug_macro   0x00000000000186b2     0x367e ./Core/Src/main.o
 .debug_macro   0x000000000001bd30      0x174 ./Core/Src/main.o
 .debug_macro   0x000000000001bea4       0x5c ./Core/Src/main.o
 .debug_macro   0x000000000001bf00      0x96b ./Core/Src/main.o
 .debug_macro   0x000000000001c86b      0x9fe ./Core/Src/main.o
 .debug_macro   0x000000000001d269      0x115 ./Core/Src/main.o
 .debug_macro   0x000000000001d37e      0x13e ./Core/Src/main.o
 .debug_macro   0x000000000001d4bc       0xa5 ./Core/Src/main.o
 .debug_macro   0x000000000001d561      0x174 ./Core/Src/main.o
 .debug_macro   0x000000000001d6d5      0x287 ./Core/Src/main.o
 .debug_macro   0x000000000001d95c       0x5f ./Core/Src/main.o
 .debug_macro   0x000000000001d9bb      0x236 ./Core/Src/main.o
 .debug_macro   0x000000000001dbf1      0x12c ./Core/Src/main.o
 .debug_macro   0x000000000001dd1d      0x21e ./Core/Src/main.o
 .debug_macro   0x000000000001df3b       0x2e ./Core/Src/main.o
 .debug_macro   0x000000000001df69      0x11a ./Core/Src/main.o
 .debug_macro   0x000000000001e083       0x7e ./Core/Src/main.o
 .debug_macro   0x000000000001e101       0x89 ./Core/Src/main.o
 .debug_macro   0x000000000001e18a      0x295 ./Core/Src/main.o
 .debug_macro   0x000000000001e41f      0x12d ./Core/Src/main.o
 .debug_macro   0x000000000001e54c       0x52 ./Core/Src/main.o
 .debug_macro   0x000000000001e59e       0x1e ./Core/Src/main.o
 .debug_macro   0x000000000001e5bc       0x3c ./Core/Src/main.o
 .debug_macro   0x000000000001e5f8       0x34 ./Core/Src/main.o
 .debug_macro   0x000000000001e62c       0x16 ./Core/Src/main.o
 .debug_macro   0x000000000001e642       0x35 ./Core/Src/main.o
 .debug_macro   0x000000000001e677      0x341 ./Core/Src/main.o
 .debug_macro   0x000000000001e9b8       0x10 ./Core/Src/main.o
 .debug_macro   0x000000000001e9c8       0x16 ./Core/Src/main.o
 .debug_macro   0x000000000001e9de       0x43 ./Core/Src/main.o
 .debug_macro   0x000000000001ea21       0x34 ./Core/Src/main.o
 .debug_macro   0x000000000001ea55       0x10 ./Core/Src/main.o
 .debug_macro   0x000000000001ea65       0x58 ./Core/Src/main.o
 .debug_macro   0x000000000001eabd       0x71 ./Core/Src/main.o
 .debug_macro   0x000000000001eb2e       0x1c ./Core/Src/main.o
 .debug_macro   0x000000000001eb4a      0x12a ./Core/Src/main.o
 .debug_macro   0x000000000001ec74       0x10 ./Core/Src/main.o
 .debug_macro   0x000000000001ec84       0x1c ./Core/Src/main.o
 .debug_macro   0x000000000001eca0       0x52 ./Core/Src/main.o
 .debug_macro   0x000000000001ecf2       0x22 ./Core/Src/main.o
 .debug_macro   0x000000000001ed14       0x10 ./Core/Src/main.o
 .debug_macro   0x000000000001ed24       0x52 ./Core/Src/main.o
 .debug_macro   0x000000000001ed76       0xd5 ./Core/Src/main.o
 .debug_macro   0x000000000001ee4b       0x1c ./Core/Src/main.o
 .debug_macro   0x000000000001ee67       0x3d ./Core/Src/main.o
 .debug_macro   0x000000000001eea4       0x16 ./Core/Src/main.o
 .debug_macro   0x000000000001eeba      0x145 ./Core/Src/main.o
 .debug_macro   0x000000000001efff      0x112 ./Core/Src/main.o
 .debug_macro   0x000000000001f111      0x15a ./Core/Src/main.o
 .debug_macro   0x000000000001f26b       0xea ./Core/Src/main.o
 .debug_macro   0x000000000001f355       0x28 ./Core/Src/main.o
 .debug_macro   0x000000000001f37d       0x1f ./Core/Src/main.o
 .debug_macro   0x000000000001f39c       0x12 ./Core/Src/main.o
 .debug_macro   0x000000000001f3ae      0x4fd ./Core/Src/main.o
 .debug_macro   0x000000000001f8ab       0xc3 ./Core/Src/main.o
 .debug_macro   0x000000000001f96e      0x120 ./Core/Src/main.o
 .debug_macro   0x000000000001fa8e       0x80 ./Core/Src/main.o
 .debug_macro   0x000000000001fb0e      0x1c4 ./Core/Src/stm32f4xx_hal_msp.o
 .debug_macro   0x000000000001fcd2      0x1ce ./Core/Src/stm32f4xx_it.o
 .debug_macro   0x000000000001fea0      0x1ba ./Core/Src/system_stm32f4xx.o
 .debug_macro   0x000000000002005a      0x21a ./Drivers/STM32F4xx_HAL_Driver/Src/stm32f4xx_hal.o
 .debug_macro   0x0000000000020274      0x1ba ./Drivers/STM32F4xx_HAL_Driver/Src/stm32f4xx_hal_cortex.o
 .debug_macro   0x000000000002042e      0x1c0 ./Drivers/STM32F4xx_HAL_Driver/Src/stm32f4xx_hal_gpio.o
 .debug_macro   0x00000000000205ee      0x1de ./Drivers/STM32F4xx_HAL_Driver/Src/stm32f4xx_hal_rcc.o
 .debug_macro   0x00000000000207cc      0x1bb ./Drivers/STM32F4xx_HAL_Driver/Src/stm32f4xx_hal_uart.o
 .debug_macro   0x0000000000020987      0x198 ./Third_Party/FreeRTOS/list.o
 .debug_macro   0x0000000000020b1f      0x221 ./Third_Party/FreeRTOS/queue.o
 .debug_macro   0x0000000000020d40       0x16 ./Third_Party/FreeRTOS/queue.o
 .debug_macro   0x0000000000020d56       0x20 ./Third_Party/FreeRTOS/queue.o
 .debug_macro   0x0000000000020d76      0x27e ./Third_Party/FreeRTOS/tasks.o
 .debug_macro   0x0000000000020ff4       0x10 ./Third_Party/FreeRTOS/tasks.o
 .debug_macro   0x0000000000021004      0x19b ./Third_Party/FreeRTOS/portable/GCC/ARM_CM4F/port.o
 .debug_macro   0x000000000002119f      0x1b3 ./Third_Party/FreeRTOS/portable/MemMang/heap_4.o

.debug_line     0x0000000000000000     0xc463
 .debug_line    0x0000000000000000      0xb5f ./Core/Src/main.o
 .debug_line    0x0000000000000b5f      0x6d3 ./Core/Src/stm32f4xx_hal_msp.o
 .debug_line    0x0000000000001232      0x70b ./Core/Src/stm32f4xx_it.o
 .debug_line    0x000000000000193d      0x708 ./Core/Src/system_stm32f4xx.o
 .debug_line    0x0000000000002045       0x88 ./Core/Startup/startup_stm32f407vgtx.o
 .debug_line    0x00000000000020cd      0x96e ./Drivers/STM32F4xx_HAL_Driver/Src/stm32f4xx_hal.o
 .debug_line    0x0000000000002a3b      0xc1d ./Drivers/STM32F4xx_HAL_Driver/Src/stm32f4xx_hal_cortex.o
 .debug_line    0x0000000000003658      0xae2 ./Drivers/STM32F4xx_HAL_Driver/Src/stm32f4xx_hal_gpio.o
 .debug_line    0x000000000000413a      0xce8 ./Drivers/STM32F4xx_HAL_Driver/Src/stm32f4xx_hal_rcc.o
 .debug_line    0x0000000000004e22     0x2a13 ./Drivers/STM32F4xx_HAL_Driver/Src/stm32f4xx_hal_uart.o
 .debug_line    0x0000000000007835      0x75f ./Third_Party/FreeRTOS/list.o
 .debug_line    0x0000000000007f94     0x1581 ./Third_Party/FreeRTOS/queue.o
 .debug_line    0x0000000000009515     0x1d5e ./Third_Party/FreeRTOS/tasks.o
 .debug_line    0x000000000000b273      0x846 ./Third_Party/FreeRTOS/portable/GCC/ARM_CM4F/port.o
 .debug_line    0x000000000000bab9      0x9aa ./Third_Party/FreeRTOS/portable/MemMang/heap_4.o

.debug_str      0x0000000000000000    0xcac1a
 .debug_str     0x0000000000000000    0xc5fa2 ./Core/Src/main.o
                                      0xc62d5 (size before relaxing)
 .debug_str     0x00000000000c5fa2       0xdc ./Core/Src/stm32f4xx_hal_msp.o
                                      0xbcc64 (size before relaxing)
 .debug_str     0x00000000000c607e       0x92 ./Core/Src/stm32f4xx_it.o
                                      0xbc6bc (size before relaxing)
 .debug_str     0x00000000000c6110       0xdb ./Core/Src/system_stm32f4xx.o
                                      0xbc81d (size before relaxing)
 .debug_str     0x00000000000c61eb       0x36 ./Core/Startup/startup_stm32f407vgtx.o
                                         0x6f (size before relaxing)
 .debug_str     0x00000000000c6221      0xb13 ./Drivers/STM32F4xx_HAL_Driver/Src/stm32f4xx_hal.o
                                      0xbd3a1 (size before relaxing)
 .debug_str     0x00000000000c6d34      0x34d ./Drivers/STM32F4xx_HAL_Driver/Src/stm32f4xx_hal_cortex.o
                                      0xbd0d4 (size before relaxing)
 .debug_str     0x00000000000c7081      0x15d ./Drivers/STM32F4xx_HAL_Driver/Src/stm32f4xx_hal_gpio.o
                                      0xbc998 (size before relaxing)
 .debug_str     0x00000000000c71de      0x233 ./Drivers/STM32F4xx_HAL_Driver/Src/stm32f4xx_hal_rcc.o
                                      0xbcc51 (size before relaxing)
 .debug_str     0x00000000000c7411      0x63d ./Drivers/STM32F4xx_HAL_Driver/Src/stm32f4xx_hal_uart.o
                                      0xbd1f0 (size before relaxing)
 .debug_str     0x00000000000c7a4e      0x266 ./Third_Party/FreeRTOS/list.o
                                       0xac53 (size before relaxing)
 .debug_str     0x00000000000c7cb4      0xa2f ./Third_Party/FreeRTOS/queue.o
                                       0xd085 (size before relaxing)
 .debug_str     0x00000000000c86e3     0x1ab5 ./Third_Party/FreeRTOS/tasks.o
                                       0xdcea (size before relaxing)
 .debug_str     0x00000000000ca198      0x768 ./Third_Party/FreeRTOS/portable/GCC/ARM_CM4F/port.o
                                       0x973f (size before relaxing)
 .debug_str     0x00000000000ca900      0x31a ./Third_Party/FreeRTOS/portable/MemMang/heap_4.o
                                       0xc11c (size before relaxing)

.comment        0x0000000000000000       0x50
 .comment       0x0000000000000000       0x50 ./Core/Src/main.o
                                         0x51 (size before relaxing)
 .comment       0x0000000000000050       0x51 ./Core/Src/stm32f4xx_hal_msp.o
 .comment       0x0000000000000050       0x51 ./Core/Src/stm32f4xx_it.o
 .comment       0x0000000000000050       0x51 ./Core/Src/system_stm32f4xx.o
 .comment       0x0000000000000050       0x51 ./Drivers/STM32F4xx_HAL_Driver/Src/stm32f4xx_hal.o
 .comment       0x0000000000000050       0x51 ./Drivers/STM32F4xx_HAL_Driver/Src/stm32f4xx_hal_cortex.o
 .comment       0x0000000000000050       0x51 ./Drivers/STM32F4xx_HAL_Driver/Src/stm32f4xx_hal_gpio.o
 .comment       0x0000000000000050       0x51 ./Drivers/STM32F4xx_HAL_Driver/Src/stm32f4xx_hal_rcc.o
 .comment       0x0000000000000050       0x51 ./Drivers/STM32F4xx_HAL_Driver/Src/stm32f4xx_hal_uart.o
 .comment       0x0000000000000050       0x51 ./Third_Party/FreeRTOS/list.o
 .comment       0x0000000000000050       0x51 ./Third_Party/FreeRTOS/queue.o
 .comment       0x0000000000000050       0x51 ./Third_Party/FreeRTOS/tasks.o
 .comment       0x0000000000000050       0x51 ./Third_Party/FreeRTOS/portable/GCC/ARM_CM4F/port.o
 .comment       0x0000000000000050       0x51 ./Third_Party/FreeRTOS/portable/MemMang/heap_4.o

.debug_frame    0x0000000000000000     0x2918
 .debug_frame   0x0000000000000000      0x114 ./Core/Src/main.o
 .debug_frame   0x0000000000000114       0x80 ./Core/Src/stm32f4xx_hal_msp.o
 .debug_frame   0x0000000000000194       0xa8 ./Core/Src/stm32f4xx_it.o
 .debug_frame   0x000000000000023c       0x58 ./Core/Src/system_stm32f4xx.o
 .debug_frame   0x0000000000000294      0x374 ./Drivers/STM32F4xx_HAL_Driver/Src/stm32f4xx_hal.o
 .debug_frame   0x0000000000000608      0x498 ./Drivers/STM32F4xx_HAL_Driver/Src/stm32f4xx_hal_cortex.o
 .debug_frame   0x0000000000000aa0      0x14c ./Drivers/STM32F4xx_HAL_Driver/Src/stm32f4xx_hal_gpio.o
 .debug_frame   0x0000000000000bec      0x1f4 ./Drivers/STM32F4xx_HAL_Driver/Src/stm32f4xx_hal_rcc.o
 .debug_frame   0x0000000000000de0      0x92c ./Drivers/STM32F4xx_HAL_Driver/Src/stm32f4xx_hal_uart.o
 .debug_frame   0x000000000000170c       0xd8 ./Third_Party/FreeRTOS/list.o
 .debug_frame   0x00000000000017e4      0x50c ./Third_Party/FreeRTOS/queue.o
 .debug_frame   0x0000000000001cf0      0x880 ./Third_Party/FreeRTOS/tasks.o
 .debug_frame   0x0000000000002570      0x1a8 ./Third_Party/FreeRTOS/portable/GCC/ARM_CM4F/port.o
 .debug_frame   0x0000000000002718      0x12c ./Third_Party/FreeRTOS/portable/MemMang/heap_4.o
 .debug_frame   0x0000000000002844       0x2c c:/st/stm32cubeide_1.9.0/stm32cubeide/plugins/com.st.stm32cube.ide.mcu.externaltools.gnu-tools-for-stm32.10.3-2021.10.win32_1.0.0.202111181127/tools/bin/../lib/gcc/arm-none-eabi/10.3.1/../../../../arm-none-eabi/lib/thumb/v7e-m+fp/hard\libc_nano.a(lib_a-init.o)
 .debug_frame   0x0000000000002870       0x28 c:/st/stm32cubeide_1.9.0/stm32cubeide/plugins/com.st.stm32cube.ide.mcu.externaltools.gnu-tools-for-stm32.10.3-2021.10.win32_1.0.0.202111181127/tools/bin/../lib/gcc/arm-none-eabi/10.3.1/../../../../arm-none-eabi/lib/thumb/v7e-m+fp/hard\libc_nano.a(lib_a-memcpy-stub.o)
 .debug_frame   0x0000000000002898       0x20 c:/st/stm32cubeide_1.9.0/stm32cubeide/plugins/com.st.stm32cube.ide.mcu.externaltools.gnu-tools-for-stm32.10.3-2021.10.win32_1.0.0.202111181127/tools/bin/../lib/gcc/arm-none-eabi/10.3.1/../../../../arm-none-eabi/lib/thumb/v7e-m+fp/hard\libc_nano.a(lib_a-memset.o)
 .debug_frame   0x00000000000028b8       0x2c c:/st/stm32cubeide_1.9.0/stm32cubeide/plugins/com.st.stm32cube.ide.mcu.externaltools.gnu-tools-for-stm32.10.3-2021.10.win32_1.0.0.202111181127/tools/bin/../lib/gcc/arm-none-eabi/10.3.1/thumb/v7e-m+fp/hard\libgcc.a(_aeabi_uldivmod.o)
 .debug_frame   0x00000000000028e4       0x34 c:/st/stm32cubeide_1.9.0/stm32cubeide/plugins/com.st.stm32cube.ide.mcu.externaltools.gnu-tools-for-stm32.10.3-2021.10.win32_1.0.0.202111181127/tools/bin/../lib/gcc/arm-none-eabi/10.3.1/thumb/v7e-m+fp/hard\libgcc.a(_udivmoddi4.o)
