Archive member included to satisfy reference by file (symbol)

c:/st/stm32cubeide_1.9.0/stm32cubeide/plugins/com.st.stm32cube.ide.mcu.externaltools.gnu-tools-for-stm32.10.3-2021.10.win32_1.0.0.202111181127/tools/bin/../lib/gcc/arm-none-eabi/10.3.1/../../../../arm-none-eabi/lib/thumb/v7e-m+fp/hard\libc_nano.a(lib_a-errno.o)
                              ./Core/Src/syscalls.o (__errno)
c:/st/stm32cubeide_1.9.0/stm32cubeide/plugins/com.st.stm32cube.ide.mcu.externaltools.gnu-tools-for-stm32.10.3-2021.10.win32_1.0.0.202111181127/tools/bin/../lib/gcc/arm-none-eabi/10.3.1/../../../../arm-none-eabi/lib/thumb/v7e-m+fp/hard\libc_nano.a(lib_a-exit.o)
                              c:/st/stm32cubeide_1.9.0/stm32cubeide/plugins/com.st.stm32cube.ide.mcu.externaltools.gnu-tools-for-stm32.10.3-2021.10.win32_1.0.0.202111181127/tools/bin/../lib/gcc/arm-none-eabi/10.3.1/../../../../arm-none-eabi/lib/thumb/v7e-m+fp/hard/crt0.o (exit)
c:/st/stm32cubeide_1.9.0/stm32cubeide/plugins/com.st.stm32cube.ide.mcu.externaltools.gnu-tools-for-stm32.10.3-2021.10.win32_1.0.0.202111181127/tools/bin/../lib/gcc/arm-none-eabi/10.3.1/../../../../arm-none-eabi/lib/thumb/v7e-m+fp/hard\libc_nano.a(lib_a-impure.o)
                              c:/st/stm32cubeide_1.9.0/stm32cubeide/plugins/com.st.stm32cube.ide.mcu.externaltools.gnu-tools-for-stm32.10.3-2021.10.win32_1.0.0.202111181127/tools/bin/../lib/gcc/arm-none-eabi/10.3.1/../../../../arm-none-eabi/lib/thumb/v7e-m+fp/hard\libc_nano.a(lib_a-exit.o) (_global_impure_ptr)
c:/st/stm32cubeide_1.9.0/stm32cubeide/plugins/com.st.stm32cube.ide.mcu.externaltools.gnu-tools-for-stm32.10.3-2021.10.win32_1.0.0.202111181127/tools/bin/../lib/gcc/arm-none-eabi/10.3.1/../../../../arm-none-eabi/lib/thumb/v7e-m+fp/hard\libc_nano.a(lib_a-init.o)
                              c:/st/stm32cubeide_1.9.0/stm32cubeide/plugins/com.st.stm32cube.ide.mcu.externaltools.gnu-tools-for-stm32.10.3-2021.10.win32_1.0.0.202111181127/tools/bin/../lib/gcc/arm-none-eabi/10.3.1/../../../../arm-none-eabi/lib/thumb/v7e-m+fp/hard/crt0.o (__libc_init_array)
c:/st/stm32cubeide_1.9.0/stm32cubeide/plugins/com.st.stm32cube.ide.mcu.externaltools.gnu-tools-for-stm32.10.3-2021.10.win32_1.0.0.202111181127/tools/bin/../lib/gcc/arm-none-eabi/10.3.1/../../../../arm-none-eabi/lib/thumb/v7e-m+fp/hard\libc_nano.a(lib_a-memcpy-stub.o)
                              ./Third_Party/FreeRTOS/queue.o (memcpy)
c:/st/stm32cubeide_1.9.0/stm32cubeide/plugins/com.st.stm32cube.ide.mcu.externaltools.gnu-tools-for-stm32.10.3-2021.10.win32_1.0.0.202111181127/tools/bin/../lib/gcc/arm-none-eabi/10.3.1/../../../../arm-none-eabi/lib/thumb/v7e-m+fp/hard\libc_nano.a(lib_a-memset.o)
                              c:/st/stm32cubeide_1.9.0/stm32cubeide/plugins/com.st.stm32cube.ide.mcu.externaltools.gnu-tools-for-stm32.10.3-2021.10.win32_1.0.0.202111181127/tools/bin/../lib/gcc/arm-none-eabi/10.3.1/../../../../arm-none-eabi/lib/thumb/v7e-m+fp/hard/crt0.o (memset)
c:/st/stm32cubeide_1.9.0/stm32cubeide/plugins/com.st.stm32cube.ide.mcu.externaltools.gnu-tools-for-stm32.10.3-2021.10.win32_1.0.0.202111181127/tools/bin/../lib/gcc/arm-none-eabi/10.3.1/thumb/v7e-m+fp/hard\libgcc.a(_aeabi_uldivmod.o)
                              ./Drivers/STM32F4xx_HAL_Driver/Src/stm32f4xx_hal_rcc.o (__aeabi_uldivmod)
c:/st/stm32cubeide_1.9.0/stm32cubeide/plugins/com.st.stm32cube.ide.mcu.externaltools.gnu-tools-for-stm32.10.3-2021.10.win32_1.0.0.202111181127/tools/bin/../lib/gcc/arm-none-eabi/10.3.1/thumb/v7e-m+fp/hard\libgcc.a(_udivmoddi4.o)
                              c:/st/stm32cubeide_1.9.0/stm32cubeide/plugins/com.st.stm32cube.ide.mcu.externaltools.gnu-tools-for-stm32.10.3-2021.10.win32_1.0.0.202111181127/tools/bin/../lib/gcc/arm-none-eabi/10.3.1/thumb/v7e-m+fp/hard\libgcc.a(_aeabi_uldivmod.o) (__udivmoddi4)
c:/st/stm32cubeide_1.9.0/stm32cubeide/plugins/com.st.stm32cube.ide.mcu.externaltools.gnu-tools-for-stm32.10.3-2021.10.win32_1.0.0.202111181127/tools/bin/../lib/gcc/arm-none-eabi/10.3.1/thumb/v7e-m+fp/hard\libgcc.a(_dvmd_tls.o)
                              c:/st/stm32cubeide_1.9.0/stm32cubeide/plugins/com.st.stm32cube.ide.mcu.externaltools.gnu-tools-for-stm32.10.3-2021.10.win32_1.0.0.202111181127/tools/bin/../lib/gcc/arm-none-eabi/10.3.1/thumb/v7e-m+fp/hard\libgcc.a(_aeabi_uldivmod.o) (__aeabi_ldiv0)

Discarded input sections

 .text          0x0000000000000000        0x0 c:/st/stm32cubeide_1.9.0/stm32cubeide/plugins/com.st.stm32cube.ide.mcu.externaltools.gnu-tools-for-stm32.10.3-2021.10.win32_1.0.0.202111181127/tools/bin/../lib/gcc/arm-none-eabi/10.3.1/thumb/v7e-m+fp/hard/crti.o
 .data          0x0000000000000000        0x0 c:/st/stm32cubeide_1.9.0/stm32cubeide/plugins/com.st.stm32cube.ide.mcu.externaltools.gnu-tools-for-stm32.10.3-2021.10.win32_1.0.0.202111181127/tools/bin/../lib/gcc/arm-none-eabi/10.3.1/thumb/v7e-m+fp/hard/crti.o
[...]
Memory Configuration

Name             Origin             Length             Attributes
CCMRAM           0x0000000010000000 0x0000000000010000 xrw
RAM              0x0000000020000000 0x0000000000020000 xrw
FLASH            0x0000000008000000 0x0000000000100000 xr
*default*        0x0000000000000000 0xffffffffffffffff

Linker script and memory map

LOAD c:/st/stm32cubeide_1.9.0/stm32cubeide/plugins/com.st.stm32cube.ide.mcu.externaltools.gnu-tools-for-stm32.10.3-2021.10.win32_1.0.0.202111181127/tools/bin/../lib/gcc/arm-none-eabi/10.3.1/thumb/v7e-m+fp/hard/crti.o
LOAD c:/st/stm32cubeide_1.9.0/stm32cubeide/plugins/com.st.stm32cube.ide.mcu.externaltools.gnu-tools-for-stm32.10.3-2021.10.win32_1.0.0.202111181127/tools/bin/../lib/gcc/arm-none-eabi/10.3.1/thumb/v7e-m+fp/hard/crtbegin.o
LOAD c:/st/stm32cubeide_1.9.0/stm32cubeide/plugins/com.st.stm32cube.ide.mcu.externaltools.gnu-tools-for-stm32.10.3-2021.10.win32_1.0.0.202111181127/tools/bin/../lib/gcc/arm-none-eabi/10.3.1/../../../../arm-none-eabi/lib/thumb/v7e-m+fp/hard/crt0.o
LOAD ./Core/Src/main.o
LOAD ./Core/Src/stm32f4xx_hal_msp.o
LOAD ./Core/Src/stm32f4xx_it.o
LOAD ./Core/Src/syscalls.o
LOAD ./Core/Src/sysmem.o
LOAD ./Core/Src/system_stm32f4xx.o
LOAD ./Core/Startup/startup_stm32f407vgtx.o
LOAD ./Drivers/STM32F4xx_HAL_Driver/Src/stm32f4xx_hal.o
LOAD ./Drivers/STM32F4xx_HAL_Driver/Src/stm32f4xx_hal_cortex.o
LOAD ./Drivers/STM32F4xx_HAL_Driver/Src/stm32f4xx_hal_dma.o
LOAD ./Drivers/STM32F4xx_HAL_Driver/Src/stm32f4xx_hal_dma_ex.o
LOAD ./Drivers/STM32F4xx_HAL_Driver/Src/stm32f4xx_hal_exti.o
LOAD ./Drivers/STM32F4xx_HAL_Driver/Src/stm32f4xx_hal_flash.o
LOAD ./Drivers/STM32F4xx_HAL_Driver/Src/stm32f4xx_hal_flash_ex.o
LOAD ./Drivers/STM32F4xx_HAL_Driver/Src/stm32f4xx_hal_flash_ramfunc.o
LOAD ./Drivers/STM32F4xx_HAL_Driver/Src/stm32f4xx_hal_gpio.o
LOAD ./Drivers/STM32F4xx_HAL_Driver/Src/stm32f4xx_hal_pwr.o
LOAD ./Drivers/STM32F4xx_HAL_Driver/Src/stm32f4xx_hal_pwr_ex.o
LOAD ./Drivers/STM32F4xx_HAL_Driver/Src/stm32f4xx_hal_rcc.o
LOAD ./Drivers/STM32F4xx_HAL_Driver/Src/stm32f4xx_hal_rcc_ex.o
LOAD ./Drivers/STM32F4xx_HAL_Driver/Src/stm32f4xx_hal_tim.o
LOAD ./Drivers/STM32F4xx_HAL_Driver/Src/stm32f4xx_hal_tim_ex.o
LOAD ./Drivers/STM32F4xx_HAL_Driver/Src/stm32f4xx_hal_uart.o
LOAD ./Third_Party/FreeRTOS/croutine.o
LOAD ./Third_Party/FreeRTOS/event_groups.o
LOAD ./Third_Party/FreeRTOS/list.o
LOAD ./Third_Party/FreeRTOS/queue.o
LOAD ./Third_Party/FreeRTOS/stream_buffer.o
LOAD ./Third_Party/FreeRTOS/tasks.o
LOAD ./Third_Party/FreeRTOS/timers.o
LOAD ./Third_Party/FreeRTOS/portable/GCC/ARM_CM4F/port.o
LOAD ./Third_Party/FreeRTOS/portable/MemMang/heap_4.o
START GROUP
LOAD c:/st/stm32cubeide_1.9.0/stm32cubeide/plugins/com.st.stm32cube.ide.mcu.externaltools.gnu-tools-for-stm32.10.3-2021.10.win32_1.0.0.202111181127/tools/bin/../lib/gcc/arm-none-eabi/10.3.1/../../../../arm-none-eabi/lib/thumb/v7e-m+fp/hard\libc_nano.a
LOAD c:/st/stm32cubeide_1.9.0/stm32cubeide/plugins/com.st.stm32cube.ide.mcu.externaltools.gnu-tools-for-stm32.10.3-2021.10.win32_1.0.0.202111181127/tools/bin/../lib/gcc/arm-none-eabi/10.3.1/../../../../arm-none-eabi/lib/thumb/v7e-m+fp/hard\libm.a
END GROUP
START GROUP
LOAD c:/st/stm32cubeide_1.9.0/stm32cubeide/plugins/com.st.stm32cube.ide.mcu.externaltools.gnu-tools-for-stm32.10.3-2021.10.win32_1.0.0.202111181127/tools/bin/../lib/gcc/arm-none-eabi/10.3.1/thumb/v7e-m+fp/hard\libgcc.a
LOAD c:/st/stm32cubeide_1.9.0/stm32cubeide/plugins/com.st.stm32cube.ide.mcu.externaltools.gnu-tools-for-stm32.10.3-2021.10.win32_1.0.0.202111181127/tools/bin/../lib/gcc/arm-none-eabi/10.3.1/../../../../arm-none-eabi/lib/thumb/v7e-m+fp/hard\libc_nano.a
END GROUP
START GROUP
LOAD c:/st/stm32cubeide_1.9.0/stm32cubeide/plugins/com.st.stm32cube.ide.mcu.externaltools.gnu-tools-for-stm32.10.3-2021.10.win32_1.0.0.202111181127/tools/bin/../lib/gcc/arm-none-eabi/10.3.1/thumb/v7e-m+fp/hard\libgcc.a
LOAD c:/st/stm32cubeide_1.9.0/stm32cubeide/plugins/com.st.stm32cube.ide.mcu.externaltools.gnu-tools-for-stm32.10.3-2021.10.win32_1.0.0.202111181127/tools/bin/../lib/gcc/arm-none-eabi/10.3.1/../../../../arm-none-eabi/lib/thumb/v7e-m+fp/hard\libc_nano.a
LOAD c:/st/stm32cubeide_1.9.0/stm32cubeide/plugins/com.st.stm32cube.ide.mcu.externaltools.gnu-tools-for-stm32.10.3-2021.10.win32_1.0.0.202111181127/tools/bin/../lib/gcc/arm-none-eabi/10.3.1/../../../../arm-none-eabi/lib/thumb/v7e-m+fp/hard\libnosys.a
END GROUP
START GROUP
LOAD c:/st/stm32cubeide_1.9.0/stm32cubeide/plugins/com.st.stm32cube.ide.mcu.externaltools.gnu-tools-for-stm32.10.3-2021.10.win32_1.0.0.202111181127/tools/bin/../lib/gcc/arm-none-eabi/10.3.1/thumb/v7e-m+fp/hard\libgcc.a
LOAD c:/st/stm32cubeide_1.9.0/stm32cubeide/plugins/com.st.stm32cube.ide.mcu.externaltools.gnu-tools-for-stm32.10.3-2021.10.win32_1.0.0.202111181127/tools/bin/../lib/gcc/arm-none-eabi/10.3.1/../../../../arm-none-eabi/lib/thumb/v7e-m+fp/hard\libc_nano.a
LOAD c:/st/stm32cubeide_1.9.0/stm32cubeide/plugins/com.st.stm32cube.ide.mcu.externaltools.gnu-tools-for-stm32.10.3-2021.10.win32_1.0.0.202111181127/tools/bin/../lib/gcc/arm-none-eabi/10.3.1/../../../../arm-none-eabi/lib/thumb/v7e-m+fp/hard\libnosys.a
END GROUP
LOAD c:/st/stm32cubeide_1.9.0/stm32cubeide/plugins/com.st.stm32cube.ide.mcu.externaltools.gnu-tools-for-stm32.10.3-2021.10.win32_1.0.0.202111181127/tools/bin/../lib/gcc/arm-none-eabi/10.3.1/thumb/v7e-m+fp/hard/crtend.o
LOAD c:/st/stm32cubeide_1.9.0/stm32cubeide/plugins/com.st.stm32cube.ide.mcu.externaltools.gnu-tools-for-stm32.10.3-2021.10.win32_1.0.0.202111181127/tools/bin/../lib/gcc/arm-none-eabi/10.3.1/thumb/v7e-m+fp/hard/crtn.o
                0x0000000020020000                _estack = (ORIGIN (RAM) + LENGTH (RAM))
                0x0000000000000200                _Min_Heap_Size = 0x200
                0x0000000000000400                _Min_Stack_Size = 0x400

.isr_vector     0x0000000008000000      0x188
                0x0000000008000000                . = ALIGN (0x4)
 *(.isr_vector)
 .isr_vector    0x0000000008000000      0x188 ./Core/Startup/startup_stm32f407vgtx.o
                0x0000000008000000                g_pfnVectors
                0x0000000008000188                . = ALIGN (0x4)

.text           0x0000000008000190     0x31b8
                0x0000000008000190                . = ALIGN (0x4)
 *(.text)
 .text          0x0000000008000190       0x40 c:/st/stm32cubeide_1.9.0/stm32cubeide/plugins/com.st.stm32cube.ide.mcu.externaltools.gnu-tools-for-stm32.10.3-2021.10.win32_1.0.0.202111181127/tools/bin/../lib/gcc/arm-none-eabi/10.3.1/thumb/v7e-m+fp/hard/crtbegin.o
 .text          0x00000000080001d0       0x30 c:/st/stm32cubeide_1.9.0/stm32cubeide/plugins/com.st.stm32cube.ide.mcu.externaltools.gnu-tools-for-stm32.10.3-2021.10.win32_1.0.0.202111181127/tools/bin/../lib/gcc/arm-none-eabi/10.3.1/thumb/v7e-m+fp/hard\libgcc.a(_aeabi_uldivmod.o)
                0x00000000080001d0                __aeabi_uldivmod
 .text          0x0000000008000200      0x2d0 c:/st/stm32cubeide_1.9.0/stm32cubeide/plugins/com.st.stm32cube.ide.mcu.externaltools.gnu-tools-for-stm32.10.3-2021.10.win32_1.0.0.202111181127/tools/bin/../lib/gcc/arm-none-eabi/10.3.1/thumb/v7e-m+fp/hard\libgcc.a(_udivmoddi4.o)
                0x0000000008000200                __udivmoddi4
 .text          0x00000000080004d0        0x4 c:/st/stm32cubeide_1.9.0/stm32cubeide/plugins/com.st.stm32cube.ide.mcu.externaltools.gnu-tools-for-stm32.10.3-2021.10.win32_1.0.0.202111181127/tools/bin/../lib/gcc/arm-none-eabi/10.3.1/thumb/v7e-m+fp/hard\libgcc.a(_dvmd_tls.o)
                0x00000000080004d0                __aeabi_idiv0
                0x00000000080004d0                __aeabi_ldiv0
 *(.text*)
 .text.main     0x00000000080004d4       0x5c ./Core/Src/main.o
                0x00000000080004d4                main
 .text.SystemClock_Config
                0x0000000008000530       0xbc ./Core/Src/main.o
                0x0000000008000530                SystemClock_Config
 .text.MX_USART2_UART_Init
                0x00000000080005ec       0x54 ./Core/Src/main.o
 .text.MX_GPIO_Init
                0x0000000008000640       0x50 ./Core/Src/main.o
 .text.task1_handler
                0x0000000008000690       0x2c ./Core/Src/main.o
 .text.Error_Handler
                0x00000000080006bc        0xa ./Core/Src/main.o
                0x00000000080006bc                Error_Handler
 *fill*         0x00000000080006c6        0x2 
 .text.HAL_MspInit
                0x00000000080006c8       0x50 ./Core/Src/stm32f4xx_hal_msp.o
                0x00000000080006c8                HAL_MspInit
 .text.HAL_UART_MspInit
                0x0000000008000718       0x90 ./Core/Src/stm32f4xx_hal_msp.o
                0x0000000008000718                HAL_UART_MspInit
 .text.NMI_Handler
                0x00000000080007a8        0x6 ./Core/Src/stm32f4xx_it.o
                0x00000000080007a8                NMI_Handler
 .text.HardFault_Handler
                0x00000000080007ae        0x6 ./Core/Src/stm32f4xx_it.o
                0x00000000080007ae                HardFault_Handler
 .text.MemManage_Handler
                0x00000000080007b4        0x6 ./Core/Src/stm32f4xx_it.o
                0x00000000080007b4                MemManage_Handler
 .text.BusFault_Handler
                0x00000000080007ba        0x6 ./Core/Src/stm32f4xx_it.o
                0x00000000080007ba                BusFault_Handler
 .text.UsageFault_Handler
                0x00000000080007c0        0x6 ./Core/Src/stm32f4xx_it.o
                0x00000000080007c0                UsageFault_Handler
 .text.DebugMon_Handler
                0x00000000080007c6        0xe ./Core/Src/stm32f4xx_it.o
                0x00000000080007c6                DebugMon_Handler
 .text.SystemInit
                0x00000000080007d4       0x24 ./Core/Src/system_stm32f4xx.o
                0x00000000080007d4                SystemInit
 .text.Reset_Handler
                0x00000000080007f8       0x50 ./Core/Startup/startup_stm32f407vgtx.o
                0x00000000080007f8                Reset_Handler
 .text.Default_Handler
                0x0000000008000848        0x2 ./Core/Startup/startup_stm32f407vgtx.o
                0x0000000008000848                RTC_Alarm_IRQHandler
                0x0000000008000848                HASH_RNG_IRQHandler
                0x0000000008000848                EXTI2_IRQHandler
                0x0000000008000848                TIM8_CC_IRQHandler
                0x0000000008000848                TIM1_CC_IRQHandler
                0x0000000008000848                DMA2_Stream5_IRQHandler
                0x0000000008000848                DMA1_Stream5_IRQHandler
                0x0000000008000848                PVD_IRQHandler
                0x0000000008000848                SDIO_IRQHandler
                0x0000000008000848                TAMP_STAMP_IRQHandler
                0x0000000008000848                CAN2_RX1_IRQHandler
                0x0000000008000848                EXTI3_IRQHandler
                0x0000000008000848                TIM8_TRG_COM_TIM14_IRQHandler
                0x0000000008000848                TIM1_UP_TIM10_IRQHandler
                0x0000000008000848                TIM8_UP_TIM13_IRQHandler
                0x0000000008000848                I2C3_ER_IRQHandler
                0x0000000008000848                EXTI0_IRQHandler
                0x0000000008000848                I2C2_EV_IRQHandler
                0x0000000008000848                DMA1_Stream2_IRQHandler
                0x0000000008000848                CAN1_RX0_IRQHandler
                0x0000000008000848                FPU_IRQHandler
                0x0000000008000848                OTG_HS_WKUP_IRQHandler
                0x0000000008000848                CAN2_SCE_IRQHandler
                0x0000000008000848                DMA2_Stream2_IRQHandler
                0x0000000008000848                SPI1_IRQHandler
                0x0000000008000848                TIM6_DAC_IRQHandler
                0x0000000008000848                TIM1_BRK_TIM9_IRQHandler
                0x0000000008000848                DCMI_IRQHandler
                0x0000000008000848                CAN2_RX0_IRQHandler
                0x0000000008000848                DMA2_Stream3_IRQHandler
                0x0000000008000848                USART6_IRQHandler
                0x0000000008000848                USART3_IRQHandler
                0x0000000008000848                CAN1_RX1_IRQHandler
                0x0000000008000848                UART5_IRQHandler
                0x0000000008000848                DMA2_Stream0_IRQHandler
                0x0000000008000848                TIM4_IRQHandler
                0x0000000008000848                I2C1_EV_IRQHandler
                0x0000000008000848                DMA1_Stream6_IRQHandler
                0x0000000008000848                DMA1_Stream1_IRQHandler
                0x0000000008000848                UART4_IRQHandler
                0x0000000008000848                TIM3_IRQHandler
                0x0000000008000848                RCC_IRQHandler
                0x0000000008000848                TIM8_BRK_TIM12_IRQHandler
                0x0000000008000848                Default_Handler
                0x0000000008000848                EXTI15_10_IRQHandler
                0x0000000008000848                ADC_IRQHandler
                0x0000000008000848                DMA1_Stream7_IRQHandler
                0x0000000008000848                TIM7_IRQHandler
                0x0000000008000848                CAN2_TX_IRQHandler
                0x0000000008000848                TIM5_IRQHandler
                0x0000000008000848                DMA2_Stream7_IRQHandler
                0x0000000008000848                I2C3_EV_IRQHandler
                0x0000000008000848                EXTI9_5_IRQHandler
                0x0000000008000848                RTC_WKUP_IRQHandler
                0x0000000008000848                ETH_WKUP_IRQHandler
                0x0000000008000848                SPI2_IRQHandler
                0x0000000008000848                OTG_HS_EP1_IN_IRQHandler
                0x0000000008000848                DMA1_Stream0_IRQHandler
                0x0000000008000848                CAN1_TX_IRQHandler
                0x0000000008000848                EXTI4_IRQHandler
                0x0000000008000848                FSMC_IRQHandler
                0x0000000008000848                ETH_IRQHandler
                0x0000000008000848                OTG_HS_EP1_OUT_IRQHandler
                0x0000000008000848                WWDG_IRQHandler
                0x0000000008000848                TIM2_IRQHandler
                0x0000000008000848                OTG_FS_WKUP_IRQHandler
                0x0000000008000848                TIM1_TRG_COM_TIM11_IRQHandler
                0x0000000008000848                OTG_HS_IRQHandler
                0x0000000008000848                EXTI1_IRQHandler
                0x0000000008000848                USART2_IRQHandler
                0x0000000008000848                I2C2_ER_IRQHandler
                0x0000000008000848                DMA2_Stream1_IRQHandler
                0x0000000008000848                CAN1_SCE_IRQHandler
                0x0000000008000848                FLASH_IRQHandler
                0x0000000008000848                DMA2_Stream4_IRQHandler
                0x0000000008000848                USART1_IRQHandler
                0x0000000008000848                OTG_FS_IRQHandler
                0x0000000008000848                SPI3_IRQHandler
                0x0000000008000848                DMA1_Stream4_IRQHandler
                0x0000000008000848                I2C1_ER_IRQHandler
                0x0000000008000848                DMA2_Stream6_IRQHandler
                0x0000000008000848                DMA1_Stream3_IRQHandler
 *fill*         0x000000000800084a        0x2 
 .text.HAL_Init
                0x000000000800084c       0x44 ./Drivers/STM32F4xx_HAL_Driver/Src/stm32f4xx_hal.o
                0x000000000800084c                HAL_Init
 .text.HAL_InitTick
                0x0000000008000890       0x60 ./Drivers/STM32F4xx_HAL_Driver/Src/stm32f4xx_hal.o
                0x0000000008000890                HAL_InitTick
 .text.HAL_GetTick
                0x00000000080008f0       0x18 ./Drivers/STM32F4xx_HAL_Driver/Src/stm32f4xx_hal.o
                0x00000000080008f0                HAL_GetTick
 .text.__NVIC_SetPriorityGrouping
                0x0000000008000908       0x48 ./Drivers/STM32F4xx_HAL_Driver/Src/stm32f4xx_hal_cortex.o
 .text.__NVIC_GetPriorityGrouping
                0x0000000008000950       0x1c ./Drivers/STM32F4xx_HAL_Driver/Src/stm32f4xx_hal_cortex.o
 .text.__NVIC_SetPriority
                0x000000000800096c       0x54 ./Drivers/STM32F4xx_HAL_Driver/Src/stm32f4xx_hal_cortex.o
 .text.NVIC_EncodePriority
                0x00000000080009c0       0x66 ./Drivers/STM32F4xx_HAL_Driver/Src/stm32f4xx_hal_cortex.o
 *fill*         0x0000000008000a26        0x2 
 .text.SysTick_Config
                0x0000000008000a28       0x44 ./Drivers/STM32F4xx_HAL_Driver/Src/stm32f4xx_hal_cortex.o
 .text.HAL_NVIC_SetPriorityGrouping
                0x0000000008000a6c       0x16 ./Drivers/STM32F4xx_HAL_Driver/Src/stm32f4xx_hal_cortex.o
                0x0000000008000a6c                HAL_NVIC_SetPriorityGrouping
 .text.HAL_NVIC_SetPriority
                0x0000000008000a82       0x38 ./Drivers/STM32F4xx_HAL_Driver/Src/stm32f4xx_hal_cortex.o
                0x0000000008000a82                HAL_NVIC_SetPriority
 .text.HAL_SYSTICK_Config
                0x0000000008000aba       0x18 ./Drivers/STM32F4xx_HAL_Driver/Src/stm32f4xx_hal_cortex.o
                0x0000000008000aba                HAL_SYSTICK_Config
 *fill*         0x0000000008000ad2        0x2 
 .text.HAL_GPIO_Init
                0x0000000008000ad4      0x338 ./Drivers/STM32F4xx_HAL_Driver/Src/stm32f4xx_hal_gpio.o
                0x0000000008000ad4                HAL_GPIO_Init
 .text.HAL_RCC_OscConfig
                0x0000000008000e0c      0x4f0 ./Drivers/STM32F4xx_HAL_Driver/Src/stm32f4xx_hal_rcc.o
                0x0000000008000e0c                HAL_RCC_OscConfig
 .text.HAL_RCC_ClockConfig
                0x00000000080012fc      0x1cc ./Drivers/STM32F4xx_HAL_Driver/Src/stm32f4xx_hal_rcc.o
                0x00000000080012fc                HAL_RCC_ClockConfig
 .text.HAL_RCC_GetSysClockFreq
                0x00000000080014c8      0x18c ./Drivers/STM32F4xx_HAL_Driver/Src/stm32f4xx_hal_rcc.o
                0x00000000080014c8                HAL_RCC_GetSysClockFreq
 .text.HAL_RCC_GetHCLKFreq
                0x0000000008001654       0x18 ./Drivers/STM32F4xx_HAL_Driver/Src/stm32f4xx_hal_rcc.o
                0x0000000008001654                HAL_RCC_GetHCLKFreq
 .text.HAL_RCC_GetPCLK1Freq
                0x000000000800166c       0x28 ./Drivers/STM32F4xx_HAL_Driver/Src/stm32f4xx_hal_rcc.o
                0x000000000800166c                HAL_RCC_GetPCLK1Freq
 .text.HAL_RCC_GetPCLK2Freq
                0x0000000008001694       0x28 ./Drivers/STM32F4xx_HAL_Driver/Src/stm32f4xx_hal_rcc.o
                0x0000000008001694                HAL_RCC_GetPCLK2Freq
 .text.HAL_UART_Init
                0x00000000080016bc       0x9a ./Drivers/STM32F4xx_HAL_Driver/Src/stm32f4xx_hal_uart.o
                0x00000000080016bc                HAL_UART_Init
 .text.HAL_UART_Transmit
                0x0000000008001756      0x124 ./Drivers/STM32F4xx_HAL_Driver/Src/stm32f4xx_hal_uart.o
                0x0000000008001756                HAL_UART_Transmit
 .text.UART_WaitOnFlagUntilTimeout
                0x000000000800187a       0xdc ./Drivers/STM32F4xx_HAL_Driver/Src/stm32f4xx_hal_uart.o
 *fill*         0x0000000008001956        0x2 
 .text.UART_SetConfig
                0x0000000008001958      0x4e8 ./Drivers/STM32F4xx_HAL_Driver/Src/stm32f4xx_hal_uart.o
 .text.vListInitialise
                0x0000000008001e40       0x40 ./Third_Party/FreeRTOS/list.o
                0x0000000008001e40                vListInitialise
 .text.vListInitialiseItem
                0x0000000008001e80       0x1a ./Third_Party/FreeRTOS/list.o
                0x0000000008001e80                vListInitialiseItem
 .text.vListInsert
                0x0000000008001e9a       0x72 ./Third_Party/FreeRTOS/list.o
                0x0000000008001e9a                vListInsert
 .text.uxListRemove
                0x0000000008001f0c       0x54 ./Third_Party/FreeRTOS/list.o
                0x0000000008001f0c                uxListRemove
 .text.xTaskCreate
                0x0000000008001f60       0x82 ./Third_Party/FreeRTOS/tasks.o
                0x0000000008001f60                xTaskCreate
 .text.prvInitialiseNewTask
                0x0000000008001fe2      0x148 ./Third_Party/FreeRTOS/tasks.o
 *fill*         0x000000000800212a        0x2 
 .text.prvAddNewTaskToReadyList
                0x000000000800212c      0x12c ./Third_Party/FreeRTOS/tasks.o
 .text.vTaskDelay
                0x0000000008002258       0x68 ./Third_Party/FreeRTOS/tasks.o
                0x0000000008002258                vTaskDelay
 .text.vTaskStartScheduler
                0x00000000080022c0       0x98 ./Third_Party/FreeRTOS/tasks.o
                0x00000000080022c0                vTaskStartScheduler
 .text.vTaskSuspendAll
                0x0000000008002358       0x1c ./Third_Party/FreeRTOS/tasks.o
                0x0000000008002358                vTaskSuspendAll
 .text.xTaskResumeAll
                0x0000000008002374      0x1f8 ./Third_Party/FreeRTOS/tasks.o
                0x0000000008002374                xTaskResumeAll
 .text.xTaskIncrementTick
                0x000000000800256c      0x22c ./Third_Party/FreeRTOS/tasks.o
                0x000000000800256c                xTaskIncrementTick
 .text.vTaskSwitchContext
                0x0000000008002798       0xb8 ./Third_Party/FreeRTOS/tasks.o
                0x0000000008002798                vTaskSwitchContext
 .text.prvIdleTask
                0x0000000008002850       0x30 ./Third_Party/FreeRTOS/tasks.o
 .text.prvInitialiseTaskLists
                0x0000000008002880       0x80 ./Third_Party/FreeRTOS/tasks.o
 .text.prvCheckTasksWaitingTermination
                0x0000000008002900       0x5c ./Third_Party/FreeRTOS/tasks.o
 .text.prvDeleteTCB
                0x000000000800295c       0x20 ./Third_Party/FreeRTOS/tasks.o
 .text.prvResetNextTaskUnblockTime
                0x000000000800297c       0x38 ./Third_Party/FreeRTOS/tasks.o
 .text.prvAddCurrentTaskToDelayedList
                0x00000000080029b4      0x100 ./Third_Party/FreeRTOS/tasks.o
 .text.pxPortInitialiseStack
                0x0000000008002ab4       0x68 ./Third_Party/FreeRTOS/portable/GCC/ARM_CM4F/port.o
                0x0000000008002ab4                pxPortInitialiseStack
 .text.prvTaskExitError
                0x0000000008002b1c       0x58 ./Third_Party/FreeRTOS/portable/GCC/ARM_CM4F/port.o
 *fill*         0x0000000008002b74        0xc 
 .text.SVC_Handler
                0x0000000008002b80       0x28 ./Third_Party/FreeRTOS/portable/GCC/ARM_CM4F/port.o
                0x0000000008002b80                SVC_Handler
 .text.prvPortStartFirstTask
                0x0000000008002ba8       0x2c ./Third_Party/FreeRTOS/portable/GCC/ARM_CM4F/port.o
 .text.xPortStartScheduler
                0x0000000008002bd4      0x144 ./Third_Party/FreeRTOS/portable/GCC/ARM_CM4F/port.o
                0x0000000008002bd4                xPortStartScheduler
 .text.vPortEnterCritical
                0x0000000008002d18       0x60 ./Third_Party/FreeRTOS/portable/GCC/ARM_CM4F/port.o
                0x0000000008002d18                vPortEnterCritical
 .text.vPortExitCritical
                0x0000000008002d78       0x54 ./Third_Party/FreeRTOS/portable/GCC/ARM_CM4F/port.o
                0x0000000008002d78                vPortExitCritical
 *fill*         0x0000000008002dcc        0x4 
 .text.PendSV_Handler
                0x0000000008002dd0       0x68 ./Third_Party/FreeRTOS/portable/GCC/ARM_CM4F/port.o
                0x0000000008002dd0                PendSV_Handler
 .text.SysTick_Handler
                0x0000000008002e38       0x44 ./Third_Party/FreeRTOS/portable/GCC/ARM_CM4F/port.o
                0x0000000008002e38                SysTick_Handler
 .text.vPortSetupTimerInterrupt
                0x0000000008002e7c       0x48 ./Third_Party/FreeRTOS/portable/GCC/ARM_CM4F/port.o
                0x0000000008002e7c                vPortSetupTimerInterrupt
 .text.vPortEnableVFP
                0x0000000008002ec4       0x18 ./Third_Party/FreeRTOS/portable/GCC/ARM_CM4F/port.o
 .text.pvPortMalloc
                0x0000000008002edc      0x1c0 ./Third_Party/FreeRTOS/portable/MemMang/heap_4.o
                0x0000000008002edc                pvPortMalloc
 .text.vPortFree
                0x000000000800309c       0xc4 ./Third_Party/FreeRTOS/portable/MemMang/heap_4.o
                0x000000000800309c                vPortFree
 .text.prvHeapInit
                0x0000000008003160       0xc4 ./Third_Party/FreeRTOS/portable/MemMang/heap_4.o
 .text.prvInsertBlockIntoFreeList
                0x0000000008003224       0xb4 ./Third_Party/FreeRTOS/portable/MemMang/heap_4.o
 .text.__libc_init_array
                0x00000000080032d8       0x48 c:/st/stm32cubeide_1.9.0/stm32cubeide/plugins/com.st.stm32cube.ide.mcu.externaltools.gnu-tools-for-stm32.10.3-2021.10.win32_1.0.0.202111181127/tools/bin/../lib/gcc/arm-none-eabi/10.3.1/../../../../arm-none-eabi/lib/thumb/v7e-m+fp/hard\libc_nano.a(lib_a-init.o)
                0x00000000080032d8                __libc_init_array
 .text.memset   0x0000000008003320       0x10 c:/st/stm32cubeide_1.9.0/stm32cubeide/plugins/com.st.stm32cube.ide.mcu.externaltools.gnu-tools-for-stm32.10.3-2021.10.win32_1.0.0.202111181127/tools/bin/../lib/gcc/arm-none-eabi/10.3.1/../../../../arm-none-eabi/lib/thumb/v7e-m+fp/hard\libc_nano.a(lib_a-memset.o)
                0x0000000008003320                memset
 *(.glue_7)
 .glue_7        0x0000000008003330        0x0 linker stubs
 *(.glue_7t)
 .glue_7t       0x0000000008003330        0x0 linker stubs
 *(.eh_frame)
 .eh_frame      0x0000000008003330        0x0 c:/st/stm32cubeide_1.9.0/stm32cubeide/plugins/com.st.stm32cube.ide.mcu.externaltools.gnu-tools-for-stm32.10.3-2021.10.win32_1.0.0.202111181127/tools/bin/../lib/gcc/arm-none-eabi/10.3.1/thumb/v7e-m+fp/hard/crtbegin.o
 *(.init)
 .init          0x0000000008003330        0x4 c:/st/stm32cubeide_1.9.0/stm32cubeide/plugins/com.st.stm32cube.ide.mcu.externaltools.gnu-tools-for-stm32.10.3-2021.10.win32_1.0.0.202111181127/tools/bin/../lib/gcc/arm-none-eabi/10.3.1/thumb/v7e-m+fp/hard/crti.o
                0x0000000008003330                _init
 .init          0x0000000008003334        0x8 c:/st/stm32cubeide_1.9.0/stm32cubeide/plugins/com.st.stm32cube.ide.mcu.externaltools.gnu-tools-for-stm32.10.3-2021.10.win32_1.0.0.202111181127/tools/bin/../lib/gcc/arm-none-eabi/10.3.1/thumb/v7e-m+fp/hard/crtn.o
 *(.fini)
 .fini          0x000000000800333c        0x4 c:/st/stm32cubeide_1.9.0/stm32cubeide/plugins/com.st.stm32cube.ide.mcu.externaltools.gnu-tools-for-stm32.10.3-2021.10.win32_1.0.0.202111181127/tools/bin/../lib/gcc/arm-none-eabi/10.3.1/thumb/v7e-m+fp/hard/crti.o
                0x000000000800333c                _fini
 .fini          0x0000000008003340        0x8 c:/st/stm32cubeide_1.9.0/stm32cubeide/plugins/com.st.stm32cube.ide.mcu.externaltools.gnu-tools-for-stm32.10.3-2021.10.win32_1.0.0.202111181127/tools/bin/../lib/gcc/arm-none-eabi/10.3.1/thumb/v7e-m+fp/hard/crtn.o
                0x0000000008003348                . = ALIGN (0x4)
                0x0000000008003348                _etext = .

.vfp11_veneer   0x0000000008003348        0x0
 .vfp11_veneer  0x0000000008003348        0x0 linker stubs

.v4_bx          0x0000000008003348        0x0
 .v4_bx         0x0000000008003348        0x0 linker stubs

.iplt           0x0000000008003348        0x0
 .iplt          0x0000000008003348        0x0 c:/st/stm32cubeide_1.9.0/stm32cubeide/plugins/com.st.stm32cube.ide.mcu.externaltools.gnu-tools-for-stm32.10.3-2021.10.win32_1.0.0.202111181127/tools/bin/../lib/gcc/arm-none-eabi/10.3.1/thumb/v7e-m+fp/hard/crtbegin.o

.rodata         0x0000000008003348       0x48
                0x0000000008003348                . = ALIGN (0x4)
 *(.rodata)
 .rodata        0x0000000008003348       0x28 ./Core/Src/main.o
 .rodata        0x0000000008003370        0x5 ./Third_Party/FreeRTOS/tasks.o
 *(.rodata*)
 *fill*         0x0000000008003375        0x3 
 .rodata.AHBPrescTable
                0x0000000008003378       0x10 ./Core/Src/system_stm32f4xx.o
                0x0000000008003378                AHBPrescTable
 .rodata.APBPrescTable
                0x0000000008003388        0x8 ./Core/Src/system_stm32f4xx.o
                0x0000000008003388                APBPrescTable
                0x0000000008003390                . = ALIGN (0x4)

.ARM.extab      0x0000000008003390        0x0
                0x0000000008003390                . = ALIGN (0x4)
 *(.ARM.extab* .gnu.linkonce.armextab.*)
                0x0000000008003390                . = ALIGN (0x4)

.ARM            0x0000000008003390        0x8
                0x0000000008003390                . = ALIGN (0x4)
                0x0000000008003390                __exidx_start = .
 *(.ARM.exidx*)
 .ARM.exidx     0x0000000008003390        0x8 c:/st/stm32cubeide_1.9.0/stm32cubeide/plugins/com.st.stm32cube.ide.mcu.externaltools.gnu-tools-for-stm32.10.3-2021.10.win32_1.0.0.202111181127/tools/bin/../lib/gcc/arm-none-eabi/10.3.1/thumb/v7e-m+fp/hard\libgcc.a(_udivmoddi4.o)
                0x0000000008003398                __exidx_end = .
                0x0000000008003398                . = ALIGN (0x4)

.rel.dyn        0x0000000008003398        0x0
 .rel.iplt      0x0000000008003398        0x0 c:/st/stm32cubeide_1.9.0/stm32cubeide/plugins/com.st.stm32cube.ide.mcu.externaltools.gnu-tools-for-stm32.10.3-2021.10.win32_1.0.0.202111181127/tools/bin/../lib/gcc/arm-none-eabi/10.3.1/thumb/v7e-m+fp/hard/crtbegin.o

.preinit_array  0x0000000008003398        0x0
                0x0000000008003398                . = ALIGN (0x4)
                0x0000000008003398                PROVIDE (__preinit_array_start = .)
 *(.preinit_array*)
                0x0000000008003398                PROVIDE (__preinit_array_end = .)
                0x0000000008003398                . = ALIGN (0x4)

.init_array     0x0000000008003398        0x4
                0x0000000008003398                . = ALIGN (0x4)
                0x0000000008003398                PROVIDE (__init_array_start = .)
 *(SORT_BY_NAME(.init_array.*))
 *(.init_array*)
 .init_array    0x0000000008003398        0x4 c:/st/stm32cubeide_1.9.0/stm32cubeide/plugins/com.st.stm32cube.ide.mcu.externaltools.gnu-tools-for-stm32.10.3-2021.10.win32_1.0.0.202111181127/tools/bin/../lib/gcc/arm-none-eabi/10.3.1/thumb/v7e-m+fp/hard/crtbegin.o
                0x000000000800339c                PROVIDE (__init_array_end = .)
                0x000000000800339c                . = ALIGN (0x4)

.fini_array     0x000000000800339c        0x4
                0x000000000800339c                . = ALIGN (0x4)
                [!provide]                        PROVIDE (__fini_array_start = .)
 *(SORT_BY_NAME(.fini_array.*))
 *(.fini_array*)
 .fini_array    0x000000000800339c        0x4 c:/st/stm32cubeide_1.9.0/stm32cubeide/plugins/com.st.stm32cube.ide.mcu.externaltools.gnu-tools-for-stm32.10.3-2021.10.win32_1.0.0.202111181127/tools/bin/../lib/gcc/arm-none-eabi/10.3.1/thumb/v7e-m+fp/hard/crtbegin.o
                [!provide]                        PROVIDE (__fini_array_end = .)
                0x00000000080033a0                . = ALIGN (0x4)
                0x00000000080033a0                _sidata = LOADADDR (.data)

.data           0x0000000020000000       0x14 load address 0x00000000080033a0
                0x0000000020000000                . = ALIGN (0x4)
                0x0000000020000000                _sdata = .
 *(.data)
 *(.data*)
 .data.SystemCoreClock
                0x0000000020000000        0x4 ./Core/Src/system_stm32f4xx.o
                0x0000000020000000                SystemCoreClock
 .data.uwTickPrio
                0x0000000020000004        0x4 ./Drivers/STM32F4xx_HAL_Driver/Src/stm32f4xx_hal.o
                0x0000000020000004                uwTickPrio
 .data.uwTickFreq
                0x0000000020000008        0x1 ./Drivers/STM32F4xx_HAL_Driver/Src/stm32f4xx_hal.o
                0x0000000020000008                uwTickFreq
 *fill*         0x0000000020000009        0x3 
 .data.uxTopUsedPriority
                0x000000002000000c        0x4 ./Third_Party/FreeRTOS/tasks.o
                0x000000002000000c                uxTopUsedPriority
 .data.uxCriticalNesting
                0x0000000020000010        0x4 ./Third_Party/FreeRTOS/portable/GCC/ARM_CM4F/port.o
 *(.RamFunc)
 *(.RamFunc*)
                0x0000000020000014                . = ALIGN (0x4)
                0x0000000020000014                _edata = .
                0x00000000080033b4                _siccmram = LOADADDR (.ccmram)

.igot.plt       0x0000000020000014        0x0 load address 0x00000000080033b4
 .igot.plt      0x0000000020000014        0x0 c:/st/stm32cubeide_1.9.0/stm32cubeide/plugins/com.st.stm32cube.ide.mcu.externaltools.gnu-tools-for-stm32.10.3-2021.10.win32_1.0.0.202111181127/tools/bin/../lib/gcc/arm-none-eabi/10.3.1/thumb/v7e-m+fp/hard/crtbegin.o

.ccmram         0x0000000010000000        0x0 load address 0x00000000080033b4
                0x0000000010000000                . = ALIGN (0x4)
                0x0000000010000000                _sccmram = .
 *(.ccmram)
 *(.ccmram*)
                0x0000000010000000                . = ALIGN (0x4)
                0x0000000010000000                _eccmram = .
                0x0000000010000000                . = ALIGN (0x4)

.bss            0x0000000020000014    0x12d90
                0x0000000020000014                _sbss = .
                0x0000000020000014                __bss_start__ = _sbss
 *(.bss)
 .bss           0x0000000020000014       0x1c c:/st/stm32cubeide_1.9.0/stm32cubeide/plugins/com.st.stm32cube.ide.mcu.externaltools.gnu-tools-for-stm32.10.3-2021.10.win32_1.0.0.202111181127/tools/bin/../lib/gcc/arm-none-eabi/10.3.1/thumb/v7e-m+fp/hard/crtbegin.o
 *(.bss*)
 .bss.huart2    0x0000000020000030       0x44 ./Core/Src/main.o
                0x0000000020000030                huart2
 .bss.uwTick    0x0000000020000074        0x4 ./Drivers/STM32F4xx_HAL_Driver/Src/stm32f4xx_hal.o
                0x0000000020000074                uwTick
 .bss.pxCurrentTCB
                0x0000000020000078        0x4 ./Third_Party/FreeRTOS/tasks.o
                0x0000000020000078                pxCurrentTCB
 .bss.pxReadyTasksLists
                0x000000002000007c       0x64 ./Third_Party/FreeRTOS/tasks.o
 .bss.xDelayedTaskList1
                0x00000000200000e0       0x14 ./Third_Party/FreeRTOS/tasks.o
 .bss.xDelayedTaskList2
                0x00000000200000f4       0x14 ./Third_Party/FreeRTOS/tasks.o
 .bss.pxDelayedTaskList
                0x0000000020000108        0x4 ./Third_Party/FreeRTOS/tasks.o
 .bss.pxOverflowDelayedTaskList
                0x000000002000010c        0x4 ./Third_Party/FreeRTOS/tasks.o
 .bss.xPendingReadyList
                0x0000000020000110       0x14 ./Third_Party/FreeRTOS/tasks.o
 .bss.xTasksWaitingTermination
                0x0000000020000124       0x14 ./Third_Party/FreeRTOS/tasks.o
 .bss.uxDeletedTasksWaitingCleanUp
                0x0000000020000138        0x4 ./Third_Party/FreeRTOS/tasks.o
 .bss.xSuspendedTaskList
                0x000000002000013c       0x14 ./Third_Party/FreeRTOS/tasks.o
 .bss.uxCurrentNumberOfTasks
                0x0000000020000150        0x4 ./Third_Party/FreeRTOS/tasks.o
 .bss.xTickCount
                0x0000000020000154        0x4 ./Third_Party/FreeRTOS/tasks.o
 .bss.uxTopReadyPriority
                0x0000000020000158        0x4 ./Third_Party/FreeRTOS/tasks.o
 .bss.xSchedulerRunning
                0x000000002000015c        0x4 ./Third_Party/FreeRTOS/tasks.o
 .bss.xPendedTicks
                0x0000000020000160        0x4 ./Third_Party/FreeRTOS/tasks.o
 .bss.xYieldPending
                0x0000000020000164        0x4 ./Third_Party/FreeRTOS/tasks.o
 .bss.xNumOfOverflows
                0x0000000020000168        0x4 ./Third_Party/FreeRTOS/tasks.o
 .bss.uxTaskNumber
                0x000000002000016c        0x4 ./Third_Party/FreeRTOS/tasks.o
 .bss.xNextTaskUnblockTime
                0x0000000020000170        0x4 ./Third_Party/FreeRTOS/tasks.o
 .bss.xIdleTaskHandle
                0x0000000020000174        0x4 ./Third_Party/FreeRTOS/tasks.o
 .bss.uxSchedulerSuspended
                0x0000000020000178        0x4 ./Third_Party/FreeRTOS/tasks.o
 .bss.ucMaxSysCallPriority
                0x000000002000017c        0x1 ./Third_Party/FreeRTOS/portable/GCC/ARM_CM4F/port.o
 *fill*         0x000000002000017d        0x3 
 .bss.ulMaxPRIGROUPValue
                0x0000000020000180        0x4 ./Third_Party/FreeRTOS/portable/GCC/ARM_CM4F/port.o
 .bss.ucHeap    0x0000000020000184    0x12c00 ./Third_Party/FreeRTOS/portable/MemMang/heap_4.o
 .bss.xStart    0x0000000020012d84        0x8 ./Third_Party/FreeRTOS/portable/MemMang/heap_4.o
 .bss.pxEnd     0x0000000020012d8c        0x4 ./Third_Party/FreeRTOS/portable/MemMang/heap_4.o
 .bss.xFreeBytesRemaining
                0x0000000020012d90        0x4 ./Third_Party/FreeRTOS/portable/MemMang/heap_4.o
 .bss.xMinimumEverFreeBytesRemaining
                0x0000000020012d94        0x4 ./Third_Party/FreeRTOS/portable/MemMang/heap_4.o
 .bss.xNumberOfSuccessfulAllocations
                0x0000000020012d98        0x4 ./Third_Party/FreeRTOS/portable/MemMang/heap_4.o
 .bss.xNumberOfSuccessfulFrees
                0x0000000020012d9c        0x4 ./Third_Party/FreeRTOS/portable/MemMang/heap_4.o
 .bss.xBlockAllocatedBit
                0x0000000020012da0        0x4 ./Third_Party/FreeRTOS/portable/MemMang/heap_4.o
 *(COMMON)
                0x0000000020012da4                . = ALIGN (0x4)
                0x0000000020012da4                _ebss = .
                0x0000000020012da4                __bss_end__ = _ebss

._user_heap_stack
                0x0000000020012da4      0x604
                0x0000000020012da8                . = ALIGN (0x8)
 *fill*         0x0000000020012da4        0x4 
                [!provide]                        PROVIDE (end = .)
                0x0000000020012da8                PROVIDE (_end = .)
                0x0000000020012fa8                . = (. + _Min_Heap_Size)
 *fill*         0x0000000020012da8      0x200 
                0x00000000200133a8                . = (. + _Min_Stack_Size)
 *fill*         0x0000000020012fa8      0x400 
                0x00000000200133a8                . = ALIGN (0x8)

/DISCARD/
 libc.a(*)
 libm.a(*)
 libgcc.a(*)

.ARM.attributes
                0x0000000000000000       0x30
 *(.ARM.attributes)
 .ARM.attributes
                0x0000000000000000       0x1e c:/st/stm32cubeide_1.9.0/stm32cubeide/plugins/com.st.stm32cube.ide.mcu.externaltools.gnu-tools-for-stm32.10.3-2021.10.win32_1.0.0.202111181127/tools/bin/../lib/gcc/arm-none-eabi/10.3.1/thumb/v7e-m+fp/hard/crti.o
 .ARM.attributes
                0x000000000000001e       0x34 c:/st/stm32cubeide_1.9.0/stm32cubeide/plugins/com.st.stm32cube.ide.mcu.externaltools.gnu-tools-for-stm32.10.3-2021.10.win32_1.0.0.202111181127/tools/bin/../lib/gcc/arm-none-eabi/10.3.1/thumb/v7e-m+fp/hard/crtbegin.o
 .ARM.attributes
                0x0000000000000052       0x34 ./Core/Src/main.o
 .ARM.attributes
                0x0000000000000086       0x34 ./Core/Src/stm32f4xx_hal_msp.o
 .ARM.attributes
                0x00000000000000ba       0x34 ./Core/Src/stm32f4xx_it.o
 .ARM.attributes
                0x00000000000000ee       0x34 ./Core/Src/system_stm32f4xx.o
 .ARM.attributes
                0x0000000000000122       0x21 ./Core/Startup/startup_stm32f407vgtx.o
 .ARM.attributes
                0x0000000000000143       0x34 ./Drivers/STM32F4xx_HAL_Driver/Src/stm32f4xx_hal.o
 .ARM.attributes
                0x0000000000000177       0x34 ./Drivers/STM32F4xx_HAL_Driver/Src/stm32f4xx_hal_cortex.o
 .ARM.attributes
                0x00000000000001ab       0x34 ./Drivers/STM32F4xx_HAL_Driver/Src/stm32f4xx_hal_gpio.o
 .ARM.attributes
                0x00000000000001df       0x34 ./Drivers/STM32F4xx_HAL_Driver/Src/stm32f4xx_hal_rcc.o
 .ARM.attributes
                0x0000000000000213       0x34 ./Drivers/STM32F4xx_HAL_Driver/Src/stm32f4xx_hal_uart.o
 .ARM.attributes
                0x0000000000000247       0x34 ./Third_Party/FreeRTOS/list.o
 .ARM.attributes
                0x000000000000027b       0x34 ./Third_Party/FreeRTOS/tasks.o
 .ARM.attributes
                0x00000000000002af       0x34 ./Third_Party/FreeRTOS/portable/GCC/ARM_CM4F/port.o
 .ARM.attributes
                0x00000000000002e3       0x34 ./Third_Party/FreeRTOS/portable/MemMang/heap_4.o
 .ARM.attributes
                0x0000000000000317       0x34 c:/st/stm32cubeide_1.9.0/stm32cubeide/plugins/com.st.stm32cube.ide.mcu.externaltools.gnu-tools-for-stm32.10.3-2021.10.win32_1.0.0.202111181127/tools/bin/../lib/gcc/arm-none-eabi/10.3.1/../../../../arm-none-eabi/lib/thumb/v7e-m+fp/hard\libc_nano.a(lib_a-init.o)
 .ARM.attributes
                0x000000000000034b       0x34 c:/st/stm32cubeide_1.9.0/stm32cubeide/plugins/com.st.stm32cube.ide.mcu.externaltools.gnu-tools-for-stm32.10.3-2021.10.win32_1.0.0.202111181127/tools/bin/../lib/gcc/arm-none-eabi/10.3.1/../../../../arm-none-eabi/lib/thumb/v7e-m+fp/hard\libc_nano.a(lib_a-memset.o)
 .ARM.attributes
                0x000000000000037f       0x1e c:/st/stm32cubeide_1.9.0/stm32cubeide/plugins/com.st.stm32cube.ide.mcu.externaltools.gnu-tools-for-stm32.10.3-2021.10.win32_1.0.0.202111181127/tools/bin/../lib/gcc/arm-none-eabi/10.3.1/thumb/v7e-m+fp/hard\libgcc.a(_aeabi_uldivmod.o)
 .ARM.attributes
                0x000000000000039d       0x34 c:/st/stm32cubeide_1.9.0/stm32cubeide/plugins/com.st.stm32cube.ide.mcu.externaltools.gnu-tools-for-stm32.10.3-2021.10.win32_1.0.0.202111181127/tools/bin/../lib/gcc/arm-none-eabi/10.3.1/thumb/v7e-m+fp/hard\libgcc.a(_udivmoddi4.o)
 .ARM.attributes
                0x00000000000003d1       0x1e c:/st/stm32cubeide_1.9.0/stm32cubeide/plugins/com.st.stm32cube.ide.mcu.externaltools.gnu-tools-for-stm32.10.3-2021.10.win32_1.0.0.202111181127/tools/bin/../lib/gcc/arm-none-eabi/10.3.1/thumb/v7e-m+fp/hard\libgcc.a(_dvmd_tls.o)
 .ARM.attributes
                0x00000000000003ef       0x1e c:/st/stm32cubeide_1.9.0/stm32cubeide/plugins/com.st.stm32cube.ide.mcu.externaltools.gnu-tools-for-stm32.10.3-2021.10.win32_1.0.0.202111181127/tools/bin/../lib/gcc/arm-none-eabi/10.3.1/thumb/v7e-m+fp/hard/crtn.o
OUTPUT(RTOS_Project.elf elf32-littlearm)
LOAD linker stubs
LOAD c:/st/stm32cubeide_1.9.0/stm32cubeide/plugins/com.st.stm32cube.ide.mcu.externaltools.gnu-tools-for-stm32.10.3-2021.10.win32_1.0.0.202111181127/tools/bin/../lib/gcc/arm-none-eabi/10.3.1/../../../../arm-none-eabi/lib/thumb/v7e-m+fp/hard\libc.a
LOAD c:/st/stm32cubeide_1.9.0/stm32cubeide/plugins/com.st.stm32cube.ide.mcu.externaltools.gnu-tools-for-stm32.10.3-2021.10.win32_1.0.0.202111181127/tools/bin/../lib/gcc/arm-none-eabi/10.3.1/../../../../arm-none-eabi/lib/thumb/v7e-m+fp/hard\libm.a
LOAD c:/st/stm32cubeide_1.9.0/stm32cubeide/plugins/com.st.stm32cube.ide.mcu.externaltools.gnu-tools-for-stm32.10.3-2021.10.win32_1.0.0.202111181127/tools/bin/../lib/gcc/arm-none-eabi/10.3.1/thumb/v7e-m+fp/hard\libgcc.a

.debug_info     0x0000000000000000     0xa7b7
 .debug_info    0x0000000000000000      0xbf4 ./Core/Src/main.o
 .debug_info    0x0000000000000bf4      0x96b ./Core/Src/stm32f4xx_hal_msp.o
 .debug_info    0x000000000000155f       0xe3 ./Core/Src/stm32f4xx_it.o
 .debug_info    0x0000000000001642      0x523 ./Core/Src/system_stm32f4xx.o
 .debug_info    0x0000000000001b65       0x22 ./Core/Startup/startup_stm32f407vgtx.o
 .debug_info    0x0000000000001b87      0x97c ./Drivers/STM32F4xx_HAL_Driver/Src/stm32f4xx_hal.o
 .debug_info    0x0000000000002503      0xe1b ./Drivers/STM32F4xx_HAL_Driver/Src/stm32f4xx_hal_cortex.o
 .debug_info    0x000000000000331e      0x76a ./Drivers/STM32F4xx_HAL_Driver/Src/stm32f4xx_hal_gpio.o
 .debug_info    0x0000000000003a88      0x966 ./Drivers/STM32F4xx_HAL_Driver/Src/stm32f4xx_hal_rcc.o
 .debug_info    0x00000000000043ee     0x31bc ./Drivers/STM32F4xx_HAL_Driver/Src/stm32f4xx_hal_uart.o
 .debug_info    0x00000000000075aa      0x2d1 ./Third_Party/FreeRTOS/list.o
 .debug_info    0x000000000000787b     0x2528 ./Third_Party/FreeRTOS/tasks.o
 .debug_info    0x0000000000009da3      0x507 ./Third_Party/FreeRTOS/portable/GCC/ARM_CM4F/port.o
 .debug_info    0x000000000000a2aa      0x50d ./Third_Party/FreeRTOS/portable/MemMang/heap_4.o

.debug_abbrev   0x0000000000000000     0x1b03
 .debug_abbrev  0x0000000000000000      0x2c0 ./Core/Src/main.o
 .debug_abbrev  0x00000000000002c0      0x19b ./Core/Src/stm32f4xx_hal_msp.o
 .debug_abbrev  0x000000000000045b       0x47 ./Core/Src/stm32f4xx_it.o
 .debug_abbrev  0x00000000000004a2      0x116 ./Core/Src/system_stm32f4xx.o
 .debug_abbrev  0x00000000000005b8       0x12 ./Core/Startup/startup_stm32f407vgtx.o
 .debug_abbrev  0x00000000000005ca      0x20d ./Drivers/STM32F4xx_HAL_Driver/Src/stm32f4xx_hal.o
 .debug_abbrev  0x00000000000007d7      0x316 ./Drivers/STM32F4xx_HAL_Driver/Src/stm32f4xx_hal_cortex.o
 .debug_abbrev  0x0000000000000aed      0x1c4 ./Drivers/STM32F4xx_HAL_Driver/Src/stm32f4xx_hal_gpio.o
 .debug_abbrev  0x0000000000000cb1      0x2aa ./Drivers/STM32F4xx_HAL_Driver/Src/stm32f4xx_hal_rcc.o
 .debug_abbrev  0x0000000000000f5b      0x2f4 ./Drivers/STM32F4xx_HAL_Driver/Src/stm32f4xx_hal_uart.o
 .debug_abbrev  0x000000000000124f       0xf2 ./Third_Party/FreeRTOS/list.o
 .debug_abbrev  0x0000000000001341      0x357 ./Third_Party/FreeRTOS/tasks.o
 .debug_abbrev  0x0000000000001698      0x259 ./Third_Party/FreeRTOS/portable/GCC/ARM_CM4F/port.o
 .debug_abbrev  0x00000000000018f1      0x212 ./Third_Party/FreeRTOS/portable/MemMang/heap_4.o

.debug_aranges  0x0000000000000000      0x900
 .debug_aranges
                0x0000000000000000       0x48 ./Core/Src/main.o
 .debug_aranges
                0x0000000000000048       0x30 ./Core/Src/stm32f4xx_hal_msp.o
 .debug_aranges
                0x0000000000000078       0x48 ./Core/Src/stm32f4xx_it.o
 .debug_aranges
                0x00000000000000c0       0x28 ./Core/Src/system_stm32f4xx.o
 .debug_aranges
                0x00000000000000e8       0x28 ./Core/Startup/startup_stm32f407vgtx.o
 .debug_aranges
                0x0000000000000110       0xf0 ./Drivers/STM32F4xx_HAL_Driver/Src/stm32f4xx_hal.o
 .debug_aranges
                0x0000000000000200      0x118 ./Drivers/STM32F4xx_HAL_Driver/Src/stm32f4xx_hal_cortex.o
 .debug_aranges
                0x0000000000000318       0x58 ./Drivers/STM32F4xx_HAL_Driver/Src/stm32f4xx_hal_gpio.o
 .debug_aranges
                0x0000000000000370       0x88 ./Drivers/STM32F4xx_HAL_Driver/Src/stm32f4xx_hal_rcc.o
 .debug_aranges
                0x00000000000003f8      0x200 ./Drivers/STM32F4xx_HAL_Driver/Src/stm32f4xx_hal_uart.o
 .debug_aranges
                0x00000000000005f8       0x40 ./Third_Party/FreeRTOS/list.o
 .debug_aranges
                0x0000000000000638      0x1f0 ./Third_Party/FreeRTOS/tasks.o
 .debug_aranges
                0x0000000000000828       0x80 ./Third_Party/FreeRTOS/portable/GCC/ARM_CM4F/port.o
 .debug_aranges
                0x00000000000008a8       0x58 ./Third_Party/FreeRTOS/portable/MemMang/heap_4.o

.debug_ranges   0x0000000000000000      0x858
 .debug_ranges  0x0000000000000000       0x38 ./Core/Src/main.o
 .debug_ranges  0x0000000000000038       0x20 ./Core/Src/stm32f4xx_hal_msp.o
 .debug_ranges  0x0000000000000058       0x38 ./Core/Src/stm32f4xx_it.o
 .debug_ranges  0x0000000000000090       0x18 ./Core/Src/system_stm32f4xx.o
 .debug_ranges  0x00000000000000a8       0x20 ./Core/Startup/startup_stm32f407vgtx.o
 .debug_ranges  0x00000000000000c8       0xe0 ./Drivers/STM32F4xx_HAL_Driver/Src/stm32f4xx_hal.o
 .debug_ranges  0x00000000000001a8      0x108 ./Drivers/STM32F4xx_HAL_Driver/Src/stm32f4xx_hal_cortex.o
 .debug_ranges  0x00000000000002b0       0x48 ./Drivers/STM32F4xx_HAL_Driver/Src/stm32f4xx_hal_gpio.o
 .debug_ranges  0x00000000000002f8       0x78 ./Drivers/STM32F4xx_HAL_Driver/Src/stm32f4xx_hal_rcc.o
 .debug_ranges  0x0000000000000370      0x220 ./Drivers/STM32F4xx_HAL_Driver/Src/stm32f4xx_hal_uart.o
 .debug_ranges  0x0000000000000590       0x30 ./Third_Party/FreeRTOS/list.o
 .debug_ranges  0x00000000000005c0      0x1e0 ./Third_Party/FreeRTOS/tasks.o
 .debug_ranges  0x00000000000007a0       0x70 ./Third_Party/FreeRTOS/portable/GCC/ARM_CM4F/port.o
 .debug_ranges  0x0000000000000810       0x48 ./Third_Party/FreeRTOS/portable/MemMang/heap_4.o

.debug_macro    0x0000000000000000    0x21062
 .debug_macro   0x0000000000000000      0x390 ./Core/Src/main.o
 .debug_macro   0x0000000000000390      0xa78 ./Core/Src/main.o
 .debug_macro   0x0000000000000e08      0x295 ./Core/Src/main.o
 .debug_macro   0x000000000000109d       0x2e ./Core/Src/main.o
 .debug_macro   0x00000000000010cb       0x2f ./Core/Src/main.o
 .debug_macro   0x00000000000010fa       0x22 ./Core/Src/main.o
 .debug_macro   0x000000000000111c       0x8e ./Core/Src/main.o
 .debug_macro   0x00000000000011aa       0x51 ./Core/Src/main.o
 .debug_macro   0x00000000000011fb      0x103 ./Core/Src/main.o
 .debug_macro   0x00000000000012fe       0x6a ./Core/Src/main.o
 .debug_macro   0x0000000000001368      0x1df ./Core/Src/main.o
 .debug_macro   0x0000000000001547       0x1c ./Core/Src/main.o
 .debug_macro   0x0000000000001563       0x22 ./Core/Src/main.o
 .debug_macro   0x0000000000001585       0xd9 ./Core/Src/main.o
 .debug_macro   0x000000000000165e     0x102d ./Core/Src/main.o
 .debug_macro   0x000000000000268b      0x11f ./Core/Src/main.o
 .debug_macro   0x00000000000027aa    0x15e82 ./Core/Src/main.o
 .debug_macro   0x000000000001862c       0x6d ./Core/Src/main.o
 .debug_macro   0x0000000000018699     0x367e ./Core/Src/main.o
 .debug_macro   0x000000000001bd17      0x174 ./Core/Src/main.o
 .debug_macro   0x000000000001be8b       0x5c ./Core/Src/main.o
 .debug_macro   0x000000000001bee7      0x96b ./Core/Src/main.o
 .debug_macro   0x000000000001c852      0x9fe ./Core/Src/main.o
 .debug_macro   0x000000000001d250      0x115 ./Core/Src/main.o
 .debug_macro   0x000000000001d365      0x13e ./Core/Src/main.o
 .debug_macro   0x000000000001d4a3       0xa5 ./Core/Src/main.o
 .debug_macro   0x000000000001d548      0x174 ./Core/Src/main.o
 .debug_macro   0x000000000001d6bc      0x287 ./Core/Src/main.o
 .debug_macro   0x000000000001d943       0x5f ./Core/Src/main.o
 .debug_macro   0x000000000001d9a2      0x236 ./Core/Src/main.o
 .debug_macro   0x000000000001dbd8      0x12c ./Core/Src/main.o
 .debug_macro   0x000000000001dd04      0x21e ./Core/Src/main.o
 .debug_macro   0x000000000001df22       0x2e ./Core/Src/main.o
 .debug_macro   0x000000000001df50      0x11a ./Core/Src/main.o
 .debug_macro   0x000000000001e06a       0x7e ./Core/Src/main.o
 .debug_macro   0x000000000001e0e8       0x89 ./Core/Src/main.o
 .debug_macro   0x000000000001e171      0x295 ./Core/Src/main.o
 .debug_macro   0x000000000001e406      0x12d ./Core/Src/main.o
 .debug_macro   0x000000000001e533       0x52 ./Core/Src/main.o
 .debug_macro   0x000000000001e585       0x1e ./Core/Src/main.o
 .debug_macro   0x000000000001e5a3       0x3c ./Core/Src/main.o
 .debug_macro   0x000000000001e5df       0x34 ./Core/Src/main.o
 .debug_macro   0x000000000001e613       0x16 ./Core/Src/main.o
 .debug_macro   0x000000000001e629       0x35 ./Core/Src/main.o
 .debug_macro   0x000000000001e65e      0x341 ./Core/Src/main.o
 .debug_macro   0x000000000001e99f       0x10 ./Core/Src/main.o
 .debug_macro   0x000000000001e9af       0x16 ./Core/Src/main.o
 .debug_macro   0x000000000001e9c5       0x43 ./Core/Src/main.o
 .debug_macro   0x000000000001ea08       0x34 ./Core/Src/main.o
 .debug_macro   0x000000000001ea3c       0x10 ./Core/Src/main.o
 .debug_macro   0x000000000001ea4c       0x58 ./Core/Src/main.o
 .debug_macro   0x000000000001eaa4       0x71 ./Core/Src/main.o
 .debug_macro   0x000000000001eb15       0x1c ./Core/Src/main.o
 .debug_macro   0x000000000001eb31      0x12a ./Core/Src/main.o
 .debug_macro   0x000000000001ec5b       0x10 ./Core/Src/main.o
 .debug_macro   0x000000000001ec6b       0x1c ./Core/Src/main.o
 .debug_macro   0x000000000001ec87       0x52 ./Core/Src/main.o
 .debug_macro   0x000000000001ecd9       0x22 ./Core/Src/main.o
 .debug_macro   0x000000000001ecfb       0x10 ./Core/Src/main.o
 .debug_macro   0x000000000001ed0b       0x52 ./Core/Src/main.o
 .debug_macro   0x000000000001ed5d       0xd5 ./Core/Src/main.o
 .debug_macro   0x000000000001ee32       0x1c ./Core/Src/main.o
 .debug_macro   0x000000000001ee4e       0x3d ./Core/Src/main.o
 .debug_macro   0x000000000001ee8b       0x16 ./Core/Src/main.o
 .debug_macro   0x000000000001eea1      0x145 ./Core/Src/main.o
 .debug_macro   0x000000000001efe6      0x112 ./Core/Src/main.o
 .debug_macro   0x000000000001f0f8      0x15a ./Core/Src/main.o
 .debug_macro   0x000000000001f252       0xea ./Core/Src/main.o
 .debug_macro   0x000000000001f33c       0x28 ./Core/Src/main.o
 .debug_macro   0x000000000001f364       0x1f ./Core/Src/main.o
 .debug_macro   0x000000000001f383       0x12 ./Core/Src/main.o
 .debug_macro   0x000000000001f395      0x4fd ./Core/Src/main.o
 .debug_macro   0x000000000001f892       0xc3 ./Core/Src/main.o
 .debug_macro   0x000000000001f955      0x120 ./Core/Src/main.o
 .debug_macro   0x000000000001fa75      0x1c4 ./Core/Src/stm32f4xx_hal_msp.o
 .debug_macro   0x000000000001fc39      0x1ce ./Core/Src/stm32f4xx_it.o
 .debug_macro   0x000000000001fe07      0x1ba ./Core/Src/system_stm32f4xx.o
 .debug_macro   0x000000000001ffc1      0x21a ./Drivers/STM32F4xx_HAL_Driver/Src/stm32f4xx_hal.o
 .debug_macro   0x00000000000201db      0x1ba ./Drivers/STM32F4xx_HAL_Driver/Src/stm32f4xx_hal_cortex.o
 .debug_macro   0x0000000000020395      0x1c0 ./Drivers/STM32F4xx_HAL_Driver/Src/stm32f4xx_hal_gpio.o
 .debug_macro   0x0000000000020555      0x1de ./Drivers/STM32F4xx_HAL_Driver/Src/stm32f4xx_hal_rcc.o
 .debug_macro   0x0000000000020733      0x1bb ./Drivers/STM32F4xx_HAL_Driver/Src/stm32f4xx_hal_uart.o
 .debug_macro   0x00000000000208ee      0x198 ./Third_Party/FreeRTOS/list.o
 .debug_macro   0x0000000000020a86      0x27e ./Third_Party/FreeRTOS/tasks.o
 .debug_macro   0x0000000000020d04       0x10 ./Third_Party/FreeRTOS/tasks.o
 .debug_macro   0x0000000000020d14      0x19b ./Third_Party/FreeRTOS/portable/GCC/ARM_CM4F/port.o
 .debug_macro   0x0000000000020eaf      0x1b3 ./Third_Party/FreeRTOS/portable/MemMang/heap_4.o

.debug_line     0x0000000000000000     0xae6d
 .debug_line    0x0000000000000000      0xaea ./Core/Src/main.o
 .debug_line    0x0000000000000aea      0x6d3 ./Core/Src/stm32f4xx_hal_msp.o
 .debug_line    0x00000000000011bd      0x70b ./Core/Src/stm32f4xx_it.o
 .debug_line    0x00000000000018c8      0x708 ./Core/Src/system_stm32f4xx.o
 .debug_line    0x0000000000001fd0       0x88 ./Core/Startup/startup_stm32f407vgtx.o
 .debug_line    0x0000000000002058      0x96e ./Drivers/STM32F4xx_HAL_Driver/Src/stm32f4xx_hal.o
 .debug_line    0x00000000000029c6      0xc1d ./Drivers/STM32F4xx_HAL_Driver/Src/stm32f4xx_hal_cortex.o
 .debug_line    0x00000000000035e3      0xae2 ./Drivers/STM32F4xx_HAL_Driver/Src/stm32f4xx_hal_gpio.o
 .debug_line    0x00000000000040c5      0xce8 ./Drivers/STM32F4xx_HAL_Driver/Src/stm32f4xx_hal_rcc.o
 .debug_line    0x0000000000004dad     0x2a13 ./Drivers/STM32F4xx_HAL_Driver/Src/stm32f4xx_hal_uart.o
 .debug_line    0x00000000000077c0      0x75f ./Third_Party/FreeRTOS/list.o
 .debug_line    0x0000000000007f1f     0x1d5e ./Third_Party/FreeRTOS/tasks.o
 .debug_line    0x0000000000009c7d      0x846 ./Third_Party/FreeRTOS/portable/GCC/ARM_CM4F/port.o
 .debug_line    0x000000000000a4c3      0x9aa ./Third_Party/FreeRTOS/portable/MemMang/heap_4.o

.debug_str      0x0000000000000000    0xc9cc0
 .debug_str     0x0000000000000000    0xc57ea ./Core/Src/main.o
                                      0xc5b0a (size before relaxing)
 .debug_str     0x00000000000c57ea       0xdc ./Core/Src/stm32f4xx_hal_msp.o
                                      0xbcc64 (size before relaxing)
 .debug_str     0x00000000000c58c6       0x92 ./Core/Src/stm32f4xx_it.o
                                      0xbc6bc (size before relaxing)
 .debug_str     0x00000000000c5958       0xdb ./Core/Src/system_stm32f4xx.o
                                      0xbc81d (size before relaxing)
 .debug_str     0x00000000000c5a33       0x36 ./Core/Startup/startup_stm32f407vgtx.o
                                         0x6f (size before relaxing)
 .debug_str     0x00000000000c5a69      0xb13 ./Drivers/STM32F4xx_HAL_Driver/Src/stm32f4xx_hal.o
                                      0xbd3a1 (size before relaxing)
 .debug_str     0x00000000000c657c      0x34d ./Drivers/STM32F4xx_HAL_Driver/Src/stm32f4xx_hal_cortex.o
                                      0xbd0d4 (size before relaxing)
 .debug_str     0x00000000000c68c9      0x15d ./Drivers/STM32F4xx_HAL_Driver/Src/stm32f4xx_hal_gpio.o
                                      0xbc998 (size before relaxing)
 .debug_str     0x00000000000c6a26      0x233 ./Drivers/STM32F4xx_HAL_Driver/Src/stm32f4xx_hal_rcc.o
                                      0xbcc51 (size before relaxing)
 .debug_str     0x00000000000c6c59      0x63d ./Drivers/STM32F4xx_HAL_Driver/Src/stm32f4xx_hal_uart.o
                                      0xbd1f0 (size before relaxing)
 .debug_str     0x00000000000c7296      0x266 ./Third_Party/FreeRTOS/list.o
                                       0xac53 (size before relaxing)
 .debug_str     0x00000000000c74fc     0x1d42 ./Third_Party/FreeRTOS/tasks.o
                                       0xdcea (size before relaxing)
 .debug_str     0x00000000000c923e      0x768 ./Third_Party/FreeRTOS/portable/GCC/ARM_CM4F/port.o
                                       0x973f (size before relaxing)
 .debug_str     0x00000000000c99a6      0x31a ./Third_Party/FreeRTOS/portable/MemMang/heap_4.o
                                       0xc11c (size before relaxing)

.comment        0x0000000000000000       0x50
 .comment       0x0000000000000000       0x50 ./Core/Src/main.o
                                         0x51 (size before relaxing)
 .comment       0x0000000000000050       0x51 ./Core/Src/stm32f4xx_hal_msp.o
 .comment       0x0000000000000050       0x51 ./Core/Src/stm32f4xx_it.o
 .comment       0x0000000000000050       0x51 ./Core/Src/system_stm32f4xx.o
 .comment       0x0000000000000050       0x51 ./Drivers/STM32F4xx_HAL_Driver/Src/stm32f4xx_hal.o
 .comment       0x0000000000000050       0x51 ./Drivers/STM32F4xx_HAL_Driver/Src/stm32f4xx_hal_cortex.o
 .comment       0x0000000000000050       0x51 ./Drivers/STM32F4xx_HAL_Driver/Src/stm32f4xx_hal_gpio.o
 .comment       0x0000000000000050       0x51 ./Drivers/STM32F4xx_HAL_Driver/Src/stm32f4xx_hal_rcc.o
 .comment       0x0000000000000050       0x51 ./Drivers/STM32F4xx_HAL_Driver/Src/stm32f4xx_hal_uart.o
 .comment       0x0000000000000050       0x51 ./Third_Party/FreeRTOS/list.o
 .comment       0x0000000000000050       0x51 ./Third_Party/FreeRTOS/tasks.o
 .comment       0x0000000000000050       0x51 ./Third_Party/FreeRTOS/portable/GCC/ARM_CM4F/port.o
 .comment       0x0000000000000050       0x51 ./Third_Party/FreeRTOS/portable/MemMang/heap_4.o

.debug_frame    0x0000000000000000     0x23a0
 .debug_frame   0x0000000000000000       0xd0 ./Core/Src/main.o
 .debug_frame   0x00000000000000d0       0x80 ./Core/Src/stm32f4xx_hal_msp.o
 .debug_frame   0x0000000000000150       0xa8 ./Core/Src/stm32f4xx_it.o
 .debug_frame   0x00000000000001f8       0x58 ./Core/Src/system_stm32f4xx.o
 .debug_frame   0x0000000000000250      0x374 ./Drivers/STM32F4xx_HAL_Driver/Src/stm32f4xx_hal.o
 .debug_frame   0x00000000000005c4      0x498 ./Drivers/STM32F4xx_HAL_Driver/Src/stm32f4xx_hal_cortex.o
 .debug_frame   0x0000000000000a5c      0x14c ./Drivers/STM32F4xx_HAL_Driver/Src/stm32f4xx_hal_gpio.o
 .debug_frame   0x0000000000000ba8      0x1f4 ./Drivers/STM32F4xx_HAL_Driver/Src/stm32f4xx_hal_rcc.o
 .debug_frame   0x0000000000000d9c      0x92c ./Drivers/STM32F4xx_HAL_Driver/Src/stm32f4xx_hal_uart.o
 .debug_frame   0x00000000000016c8       0xd8 ./Third_Party/FreeRTOS/list.o
 .debug_frame   0x00000000000017a0      0x880 ./Third_Party/FreeRTOS/tasks.o
 .debug_frame   0x0000000000002020      0x1a8 ./Third_Party/FreeRTOS/portable/GCC/ARM_CM4F/port.o
 .debug_frame   0x00000000000021c8      0x12c ./Third_Party/FreeRTOS/portable/MemMang/heap_4.o
 .debug_frame   0x00000000000022f4       0x2c c:/st/stm32cubeide_1.9.0/stm32cubeide/plugins/com.st.stm32cube.ide.mcu.externaltools.gnu-tools-for-stm32.10.3-2021.10.win32_1.0.0.202111181127/tools/bin/../lib/gcc/arm-none-eabi/10.3.1/../../../../arm-none-eabi/lib/thumb/v7e-m+fp/hard\libc_nano.a(lib_a-init.o)
 .debug_frame   0x0000000000002320       0x20 c:/st/stm32cubeide_1.9.0/stm32cubeide/plugins/com.st.stm32cube.ide.mcu.externaltools.gnu-tools-for-stm32.10.3-2021.10.win32_1.0.0.202111181127/tools/bin/../lib/gcc/arm-none-eabi/10.3.1/../../../../arm-none-eabi/lib/thumb/v7e-m+fp/hard\libc_nano.a(lib_a-memset.o)
 .debug_frame   0x0000000000002340       0x2c c:/st/stm32cubeide_1.9.0/stm32cubeide/plugins/com.st.stm32cube.ide.mcu.externaltools.gnu-tools-for-stm32.10.3-2021.10.win32_1.0.0.202111181127/tools/bin/../lib/gcc/arm-none-eabi/10.3.1/thumb/v7e-m+fp/hard\libgcc.a(_aeabi_uldivmod.o)
 .debug_frame   0x000000000000236c       0x34 c:/st/stm32cubeide_1.9.0/stm32cubeide/plugins/com.st.stm32cube.ide.mcu.externaltools.gnu-tools-for-stm32.10.3-2021.10.win32_1.0.0.202111181127/tools/bin/../lib/gcc/arm-none-eabi/10.3.1/thumb/v7e-m+fp/hard\libgcc.a(_udivmoddi4.o)
